Component: ARM Compiler 5.06 update 5 (build 528) Tool: armlink [4d35e2]

==============================================================================

Section Cross References

    startup_stm32f10x_md.o(RESET) refers to startup_stm32f10x_md.o(STACK) for __initial_sp
    startup_stm32f10x_md.o(RESET) refers to startup_stm32f10x_md.o(.text) for Reset_Handler
    startup_stm32f10x_md.o(RESET) refers to stm32f10x_it.o(i.NMI_Handler) for NMI_Handler
    startup_stm32f10x_md.o(RESET) refers to stm32f10x_it.o(i.HardFault_Handler) for HardFault_Handler
    startup_stm32f10x_md.o(RESET) refers to stm32f10x_it.o(i.MemManage_Handler) for MemManage_Handler
    startup_stm32f10x_md.o(RESET) refers to stm32f10x_it.o(i.BusFault_Handler) for BusFault_Handler
    startup_stm32f10x_md.o(RESET) refers to stm32f10x_it.o(i.UsageFault_Handler) for UsageFault_Handler
    startup_stm32f10x_md.o(RESET) refers to stm32f10x_it.o(i.SVC_Handler) for SVC_Handler
    startup_stm32f10x_md.o(RESET) refers to stm32f10x_it.o(i.DebugMon_Handler) for DebugMon_Handler
    startup_stm32f10x_md.o(RESET) refers to stm32f10x_it.o(i.PendSV_Handler) for PendSV_Handler
    startup_stm32f10x_md.o(RESET) refers to stm32f10x_it.o(i.SysTick_Handler) for SysTick_Handler
    startup_stm32f10x_md.o(RESET) refers to main.o(i.EXTI0_IRQHandler) for EXTI0_IRQHandler
    startup_stm32f10x_md.o(RESET) refers to timer.o(i.TIM2_IRQHandler) for TIM2_IRQHandler
    startup_stm32f10x_md.o(RESET) refers to serial1.o(i.USART1_IRQHandler) for USART1_IRQHandler
    startup_stm32f10x_md.o(RESET) refers to serial2.o(i.USART2_IRQHandler) for USART2_IRQHandler
    startup_stm32f10x_md.o(RESET) refers to serial3.o(i.USART3_IRQHandler) for USART3_IRQHandler
    startup_stm32f10x_md.o(.text) refers to system_stm32f10x.o(i.SystemInit) for SystemInit
    startup_stm32f10x_md.o(.text) refers to entry.o(.ARM.Collect$$$$00000000) for __main
    system_stm32f10x.o(i.SetSysClock) refers to system_stm32f10x.o(i.SetSysClockTo72) for SetSysClockTo72
    system_stm32f10x.o(i.SystemCoreClockUpdate) refers to system_stm32f10x.o(.data) for SystemCoreClock
    system_stm32f10x.o(i.SystemInit) refers to system_stm32f10x.o(i.SetSysClock) for SetSysClock
    stm32f10x_adc.o(i.ADC_DeInit) refers to stm32f10x_rcc.o(i.RCC_APB2PeriphResetCmd) for RCC_APB2PeriphResetCmd
    stm32f10x_bkp.o(i.BKP_DeInit) refers to stm32f10x_rcc.o(i.RCC_BackupResetCmd) for RCC_BackupResetCmd
    stm32f10x_can.o(i.CAN_DeInit) refers to stm32f10x_rcc.o(i.RCC_APB1PeriphResetCmd) for RCC_APB1PeriphResetCmd
    stm32f10x_can.o(i.CAN_GetITStatus) refers to stm32f10x_can.o(i.CheckITStatus) for CheckITStatus
    stm32f10x_cec.o(i.CEC_DeInit) refers to stm32f10x_rcc.o(i.RCC_APB1PeriphResetCmd) for RCC_APB1PeriphResetCmd
    stm32f10x_dac.o(i.DAC_DeInit) refers to stm32f10x_rcc.o(i.RCC_APB1PeriphResetCmd) for RCC_APB1PeriphResetCmd
    stm32f10x_flash.o(i.FLASH_EnableWriteProtection) refers to stm32f10x_flash.o(i.FLASH_WaitForLastOperation) for FLASH_WaitForLastOperation
    stm32f10x_flash.o(i.FLASH_EraseAllBank1Pages) refers to stm32f10x_flash.o(i.FLASH_WaitForLastBank1Operation) for FLASH_WaitForLastBank1Operation
    stm32f10x_flash.o(i.FLASH_EraseAllPages) refers to stm32f10x_flash.o(i.FLASH_WaitForLastOperation) for FLASH_WaitForLastOperation
    stm32f10x_flash.o(i.FLASH_EraseOptionBytes) refers to stm32f10x_flash.o(i.FLASH_GetReadOutProtectionStatus) for FLASH_GetReadOutProtectionStatus
    stm32f10x_flash.o(i.FLASH_EraseOptionBytes) refers to stm32f10x_flash.o(i.FLASH_WaitForLastOperation) for FLASH_WaitForLastOperation
    stm32f10x_flash.o(i.FLASH_ErasePage) refers to stm32f10x_flash.o(i.FLASH_WaitForLastOperation) for FLASH_WaitForLastOperation
    stm32f10x_flash.o(i.FLASH_ProgramHalfWord) refers to stm32f10x_flash.o(i.FLASH_WaitForLastOperation) for FLASH_WaitForLastOperation
    stm32f10x_flash.o(i.FLASH_ProgramOptionByteData) refers to stm32f10x_flash.o(i.FLASH_WaitForLastOperation) for FLASH_WaitForLastOperation
    stm32f10x_flash.o(i.FLASH_ProgramWord) refers to stm32f10x_flash.o(i.FLASH_WaitForLastOperation) for FLASH_WaitForLastOperation
    stm32f10x_flash.o(i.FLASH_ReadOutProtection) refers to stm32f10x_flash.o(i.FLASH_WaitForLastOperation) for FLASH_WaitForLastOperation
    stm32f10x_flash.o(i.FLASH_UserOptionByteConfig) refers to stm32f10x_flash.o(i.FLASH_WaitForLastOperation) for FLASH_WaitForLastOperation
    stm32f10x_flash.o(i.FLASH_WaitForLastBank1Operation) refers to stm32f10x_flash.o(i.FLASH_GetBank1Status) for FLASH_GetBank1Status
    stm32f10x_flash.o(i.FLASH_WaitForLastOperation) refers to stm32f10x_flash.o(i.FLASH_GetBank1Status) for FLASH_GetBank1Status
    stm32f10x_gpio.o(i.GPIO_AFIODeInit) refers to stm32f10x_rcc.o(i.RCC_APB2PeriphResetCmd) for RCC_APB2PeriphResetCmd
    stm32f10x_gpio.o(i.GPIO_DeInit) refers to stm32f10x_rcc.o(i.RCC_APB2PeriphResetCmd) for RCC_APB2PeriphResetCmd
[...]
    __aeabi_f2iz                             0x080007a7   Thumb Code    50  ffixi.o(.text)
    __aeabi_f2uiz                            0x080007d9   Thumb Code    40  ffixui.o(.text)
    __aeabi_d2iz                             0x08000801   Thumb Code    62  dfixi.o(.text)
    __aeabi_d2uiz                            0x0800083f   Thumb Code    50  dfixui.o(.text)
    __aeabi_f2d                              0x08000871   Thumb Code    38  f2d.o(.text)
    __aeabi_cdcmpeq                          0x08000899   Thumb Code     0  cdcmple.o(.text)
    __aeabi_cdcmple                          0x08000899   Thumb Code    48  cdcmple.o(.text)
    __aeabi_cdrcmple                         0x080008c9   Thumb Code    48  cdrcmple.o(.text)
    __aeabi_d2f                              0x080008f9   Thumb Code    56  d2f.o(.text)
    __aeabi_cfcmpeq                          0x08000931   Thumb Code     0  cfcmple.o(.text)
    __aeabi_cfcmple                          0x08000931   Thumb Code    20  cfcmple.o(.text)
    __aeabi_cfrcmple                         0x08000945   Thumb Code    20  cfrcmple.o(.text)
    __aeabi_uldivmod                         0x08000959   Thumb Code    98  uldiv.o(.text)
    __aeabi_llsl                             0x080009bb   Thumb Code    30  llshl.o(.text)
    _ll_shift_l                              0x080009bb   Thumb Code     0  llshl.o(.text)
    __aeabi_llsr                             0x080009d9   Thumb Code    32  llushr.o(.text)
    _ll_ushift_r                             0x080009d9   Thumb Code     0  llushr.o(.text)
    __aeabi_lasr                             0x080009f9   Thumb Code    36  llsshr.o(.text)
    _ll_sshift_r                             0x080009f9   Thumb Code     0  llsshr.o(.text)
    localtime                                0x08000a1d   Thumb Code     6  localtime_w.o(.text)
    _localtime                               0x08000a29   Thumb Code   134  localtime_i.o(.text)
    __I$use$fp                               0x08000ab5   Thumb Code     0  iusefp.o(.text)
    _float_round                             0x08000ab5   Thumb Code    18  fepilogue.o(.text)
    _float_epilogue                          0x08000ac7   Thumb Code    92  fepilogue.o(.text)
    _double_round                            0x08000b23   Thumb Code    30  depilogue.o(.text)
    _double_epilogue                         0x08000b41   Thumb Code   156  depilogue.o(.text)
    __ARM_scalbn                             0x08000bdd   Thumb Code    46  dscalb.o(.text)
    scalbn                                   0x08000bdd   Thumb Code     0  dscalb.o(.text)
    _drnd                                    0x08000c0d   Thumb Code   132  drnd.o(.text)
    __scatterload                            0x08000c95   Thumb Code    28  init.o(.text)
    __scatterload_rt2                        0x08000c95   Thumb Code     0  init.o(.text)
    _dsqrt                                   0x08000cb9   Thumb Code   162  dsqrt.o(.text)
    ADC_Cmd                                  0x08000d5b   Thumb Code    22  stm32f10x_adc.o(i.ADC_Cmd)
    ADC_GetCalibrationStatus                 0x08000d71   Thumb Code    20  stm32f10x_adc.o(i.ADC_GetCalibrationStatus)
    ADC_GetConversionValue                   0x08000d85   Thumb Code     8  stm32f10x_adc.o(i.ADC_GetConversionValue)
    ADC_GetFlagStatus                        0x08000d8d   Thumb Code    18  stm32f10x_adc.o(i.ADC_GetFlagStatus)
    ADC_GetResetCalibrationStatus            0x08000d9f   Thumb Code    20  stm32f10x_adc.o(i.ADC_GetResetCalibrationStatus)
    ADC_Init                                 0x08000db5   Thumb Code    70  stm32f10x_adc.o(i.ADC_Init)
    ADC_RegularChannelConfig                 0x08000e05   Thumb Code   184  stm32f10x_adc.o(i.ADC_RegularChannelConfig)
    ADC_ResetCalibration                     0x08000ebd   Thumb Code    10  stm32f10x_adc.o(i.ADC_ResetCalibration)
    ADC_SoftwareStartConvCmd                 0x08000ec7   Thumb Code    22  stm32f10x_adc.o(i.ADC_SoftwareStartConvCmd)
    ADC_StartCalibration                     0x08000edd   Thumb Code    10  stm32f10x_adc.o(i.ADC_StartCalibration)
    AD_GetValue                              0x08000ee9   Thumb Code    46  ad.o(i.AD_GetValue)
    AD_Init                                  0x08000f1d   Thumb Code   172  ad.o(i.AD_Init)
    BKP_ReadBackupRegister                   0x08000fd1   Thumb Code    24  stm32f10x_bkp.o(i.BKP_ReadBackupRegister)
    BKP_WriteBackupRegister                  0x08000fed   Thumb Code    22  stm32f10x_bkp.o(i.BKP_WriteBackupRegister)
    BusFault_Handler                         0x08001009   Thumb Code     4  stm32f10x_it.o(i.BusFault_Handler)
    CountPointRound                          0x0800100d   Thumb Code   114  menu_data.o(i.CountPointRound)
    DGHmode                                  0x08001081   Thumb Code    64  menu_data.o(i.DGHmode)
    DebugMon_Handler                         0x080010e1   Thumb Code     2  stm32f10x_it.o(i.DebugMon_Handler)
    Detection_angle                          0x080010e5   Thumb Code   760  menu_data.o(i.Detection_angle)
    EXTI0_IRQHandler                         0x08001459   Thumb Code    18  main.o(i.EXTI0_IRQHandler)
    EXTI_ClearITPendingBit                   0x0800146d   Thumb Code     6  stm32f10x_exti.o(i.EXTI_ClearITPendingBit)
    EXTI_GetITStatus                         0x08001479   Thumb Code    34  stm32f10x_exti.o(i.EXTI_GetITStatus)
    EXTI_Init                                0x080014a1   Thumb Code   142  stm32f10x_exti.o(i.EXTI_Init)
    GPIO_EXTILineConfig                      0x08001535   Thumb Code    60  stm32f10x_gpio.o(i.GPIO_EXTILineConfig)
    GPIO_Init                                0x08001575   Thumb Code   278  stm32f10x_gpio.o(i.GPIO_Init)
    GPIO_PinRemapConfig                      0x0800168d   Thumb Code   138  stm32f10x_gpio.o(i.GPIO_PinRemapConfig)
    GPIO_ReadInputDataBit                    0x0800171d   Thumb Code    18  stm32f10x_gpio.o(i.GPIO_ReadInputDataBit)
    GPIO_WriteBit                            0x0800172f   Thumb Code    10  stm32f10x_gpio.o(i.GPIO_WriteBit)
    Game_Of_Life_Play                        0x08001739   Thumb Code   312  menu_data.o(i.Game_Of_Life_Play)
    Game_Of_Life_Turn                        0x08001879   Thumb Code    82  menu_data.o(i.Game_Of_Life_Turn)
    Get_NameLen                              0x080018cb   Thumb Code    40  menu.o(i.Get_NameLen)
    HardFault_Handler                        0x080018f3   Thumb Code     4  stm32f10x_it.o(i.HardFault_Handler)
    Key_Init                                 0x080018f9   Thumb Code    60  key.o(i.Key_Init)
    MP3CMD                                   0x0800193d   Thumb Code    64  mp3_tf.o(i.MP3CMD)
    MP3_Init                                 0x08001981   Thumb Code    44  mp3_tf.o(i.MP3_Init)
    MP3_Power_OFF                            0x080019b1   Thumb Code    18  mp3_tf.o(i.MP3_Power_OFF)
    MP3_chin                                 0x080019c9   Thumb Code    84  mp3_tf.o(i.MP3_chin)
    MP3_starts                               0x08001a2d   Thumb Code    72  mp3_tf.o(i.MP3_starts)
    MP3os                                    0x08001a7d   Thumb Code   504  mp3_tf.o(i.MP3os)
    MPU6050_DMP_Get_Data                     0x08001cbd   Thumb Code   592  inv_mpu.o(i.MPU6050_DMP_Get_Data)
    MPU6050_DMP_Init                         0x08001f11   Thumb Code    74  inv_mpu.o(i.MPU6050_DMP_Init)
    MPU6050_IIC_IO_Init                      0x08001f61   Thumb Code    32  mpu6050_i2c.o(i.MPU6050_IIC_IO_Init)
    MPU6050_IIC_Read_Ack                     0x08001f8d   Thumb Code    72  mpu6050_i2c.o(i.MPU6050_IIC_Read_Ack)
    MPU6050_IIC_Read_Byte                    0x08001fdd   Thumb Code    86  mpu6050_i2c.o(i.MPU6050_IIC_Read_Byte)
    MPU6050_IIC_SDA_IO_IN                    0x0800203d   Thumb Code    22  mpu6050_i2c.o(i.MPU6050_IIC_SDA_IO_IN)
    MPU6050_IIC_SDA_IO_OUT                   0x08002059   Thumb Code    20  mpu6050_i2c.o(i.MPU6050_IIC_SDA_IO_OUT)
    MPU6050_IIC_Send_Ack                     0x08002071   Thumb Code    48  mpu6050_i2c.o(i.MPU6050_IIC_Send_Ack)
    MPU6050_IIC_Send_Byte                    0x080020a9   Thumb Code    90  mpu6050_i2c.o(i.MPU6050_IIC_Send_Byte)
    MPU6050_IIC_Start                        0x0800210d   Thumb Code    46  mpu6050_i2c.o(i.MPU6050_IIC_Start)
    MPU6050_IIC_Stop                         0x08002145   Thumb Code    52  mpu6050_i2c.o(i.MPU6050_IIC_Stop)
    MemManage_Handler                        0x08002181   Thumb Code     4  stm32f10x_it.o(i.MemManage_Handler)
    MyRTC_Init                               0x08002185   Thumb Code   114  myrtc.o(i.MyRTC_Init)
    MyRTC_ReadTime                           0x080021f9   Thumb Code    94  myrtc.o(i.MyRTC_ReadTime)
    MyRTC_SetTime                            0x0800225d   Thumb Code    70  myrtc.o(i.MyRTC_SetTime)
    MySPI_Start                              0x080022a9   Thumb Code    10  w25q128_spi1.o(i.MySPI_Start)
    MySPI_Stop                               0x080022b3   Thumb Code    10  w25q128_spi1.o(i.MySPI_Stop)
    MySPI_SwapByte                           0x080022bd   Thumb Code    50  w25q128_spi1.o(i.MySPI_SwapByte)
    MySPI_W_SS                               0x080022f5   Thumb Code    16  w25q128_spi1.o(i.MySPI_W_SS)
    My_GPIO_Init                             0x08002309   Thumb Code   172  sys.o(i.My_GPIO_Init)
    NMI_Handler                              0x080023b9   Thumb Code     2  stm32f10x_it.o(i.NMI_Handler)
    NVIC_Init                                0x080023bd   Thumb Code   100  misc.o(i.NVIC_Init)
    NVIC_PriorityGroupConfig                 0x0800242d   Thumb Code    10  misc.o(i.NVIC_PriorityGroupConfig)
    OLED_Clear                               0x08002441   Thumb Code    36  oled.o(i.OLED_Clear)
    OLED_ClearArea                           0x08002469   Thumb Code   162  oled.o(i.OLED_ClearArea)
    OLED_DrawLine                            0x08002511   Thumb Code   374  oled.o(i.OLED_DrawLine)
    OLED_DrawPoint                           0x08002689   Thumb Code    86  oled.o(i.OLED_DrawPoint)
    OLED_DrawRectangle                       0x080026e5   Thumb Code   146  oled.o(i.OLED_DrawRectangle)
    OLED_GPIO_Init                           0x08002779   Thumb Code   166  oled.o(i.OLED_GPIO_Init)
    OLED_GetPoint                            0x08002829   Thumb Code    64  oled.o(i.OLED_GetPoint)
    OLED_Init                                0x0800286d   Thumb Code   154  oled.o(i.OLED_Init)
    OLED_Pow                                 0x08002907   Thumb Code    20  oled.o(i.OLED_Pow)
    OLED_ReverseArea                         0x0800291d   Thumb Code   162  oled.o(i.OLED_ReverseArea)
    OLED_ReverseArea2                        0x080029c5   Thumb Code    68  menu.o(i.OLED_ReverseArea2)
    OLED_SPI_SendByte                        0x08002a09   Thumb Code    50  oled.o(i.OLED_SPI_SendByte)
    OLED_SetCursor                           0x08002a3b   Thumb Code    38  oled.o(i.OLED_SetCursor)
    OLED_ShowASCII                           0x08002a61   Thumb Code    46  oled.o(i.OLED_ShowASCII)
    OLED_ShowChar                            0x08002a91   Thumb Code    74  oled.o(i.OLED_ShowChar)
    OLED_ShowFloatNum                        0x08002ae5   Thumb Code   224  oled.o(i.OLED_ShowFloatNum)
    OLED_ShowHexNum                          0x08002bc5   Thumb Code    98  oled.o(i.OLED_ShowHexNum)
    OLED_ShowImage                           0x08002c29   Thumb Code   568  oled.o(i.OLED_ShowImage)
    OLED_ShowNum                             0x08002e65   Thumb Code    90  oled.o(i.OLED_ShowNum)
    OLED_ShowSignedNum                       0x08002ebf   Thumb Code   116  oled.o(i.OLED_ShowSignedNum)
    OLED_ShowString                          0x08002f33   Thumb Code    26  oled.o(i.OLED_ShowString)
    OLED_String_W25Q                         0x08002f4d   Thumb Code   198  oled.o(i.OLED_String_W25Q)
    OLED_Update                              0x08003015   Thumb Code    36  oled.o(i.OLED_Update)
    OLED_UpdateArea                          0x0800303d   Thumb Code   120  oled.o(i.OLED_UpdateArea)
    OLED_W_CS                                0x080030b9   Thumb Code    18  oled.o(i.OLED_W_CS)
    OLED_W_D0                                0x080030d1   Thumb Code    18  oled.o(i.OLED_W_D0)
    OLED_W_D1                                0x080030e9   Thumb Code    18  oled.o(i.OLED_W_D1)
    OLED_W_DC                                0x08003101   Thumb Code    18  oled.o(i.OLED_W_DC)
    OLED_W_RES                               0x08003119   Thumb Code    18  oled.o(i.OLED_W_RES)
    OLED_WriteCommand                        0x08003131   Thumb Code    30  oled.o(i.OLED_WriteCommand)
    OLED_WriteData                           0x0800314f   Thumb Code    44  oled.o(i.OLED_WriteData)
    OLED_transition                          0x0800317d   Thumb Code   182  oled.o(i.OLED_transition)
    OLEDfanse                                0x08003245   Thumb Code    24  menu_data.o(i.OLEDfanse)
    PWR_BackupAccessCmd                      0x08003261   Thumb Code     6  stm32f10x_pwr.o(i.PWR_BackupAccessCmd)
    PWR_EnterSTANDBYMode                     0x0800326d   Thumb Code    42  stm32f10x_pwr.o(i.PWR_EnterSTANDBYMode)
    PWR_EnterSTOPMode                        0x080032a1   Thumb Code    54  stm32f10x_pwr.o(i.PWR_EnterSTOPMode)
    PWR_WakeUpPinCmd                         0x080032e1   Thumb Code     6  stm32f10x_pwr.o(i.PWR_WakeUpPinCmd)
    PendSV_Handler                           0x080032ed   Thumb Code     2  stm32f10x_it.o(i.PendSV_Handler)
    Point_death                              0x080032f1   Thumb Code    60  menu_data.o(i.Point_death)
    Point_life                               0x08003331   Thumb Code    60  menu_data.o(i.Point_life)
    Power_OFF                                0x08003371   Thumb Code    80  menu_data.o(i.Power_OFF)
    RCC_ADCCLKConfig                         0x080033c5   Thumb Code    18  stm32f10x_rcc.o(i.RCC_ADCCLKConfig)
    RCC_APB1PeriphClockCmd                   0x080033dd   Thumb Code    26  stm32f10x_rcc.o(i.RCC_APB1PeriphClockCmd)
    RCC_APB2PeriphClockCmd                   0x080033fd   Thumb Code    26  stm32f10x_rcc.o(i.RCC_APB2PeriphClockCmd)
    RCC_GetClocksFreq                        0x0800341d   Thumb Code   192  stm32f10x_rcc.o(i.RCC_GetClocksFreq)
    RCC_GetFlagStatus                        0x080034f1   Thumb Code    56  stm32f10x_rcc.o(i.RCC_GetFlagStatus)
    RCC_LSEConfig                            0x0800352d   Thumb Code    46  stm32f10x_rcc.o(i.RCC_LSEConfig)
    RCC_RTCCLKCmd                            0x08003561   Thumb Code     6  stm32f10x_rcc.o(i.RCC_RTCCLKCmd)
    RCC_RTCCLKConfig                         0x0800356d   Thumb Code    12  stm32f10x_rcc.o(i.RCC_RTCCLKConfig)
    RTC_EnterConfigMode                      0x0800357d   Thumb Code    14  stm32f10x_rtc.o(i.RTC_EnterConfigMode)
    RTC_ExitConfigMode                       0x08003591   Thumb Code    16  stm32f10x_rtc.o(i.RTC_ExitConfigMode)
    RTC_GetCounter                           0x080035a5   Thumb Code    16  stm32f10x_rtc.o(i.RTC_GetCounter)
    RTC_SetCounter                           0x080035b9   Thumb Code    24  stm32f10x_rtc.o(i.RTC_SetCounter)
    RTC_SetPrescaler                         0x080035d5   Thumb Code    26  stm32f10x_rtc.o(i.RTC_SetPrescaler)
    RTC_WaitForLastTask                      0x080035f5   Thumb Code    16  stm32f10x_rtc.o(i.RTC_WaitForLastTask)
    RTC_WaitForSynchro                       0x08003609   Thumb Code    30  stm32f10x_rtc.o(i.RTC_WaitForSynchro)
    SHOW_VIDEO                               0x0800362d   Thumb Code   544  video_app.o(i.SHOW_VIDEO)
    SPI_Cmd                                  0x080038c9   Thumb Code    24  stm32f10x_spi.o(i.SPI_Cmd)
    SPI_I2S_GetFlagStatus                    0x080038e1   Thumb Code    18  stm32f10x_spi.o(i.SPI_I2S_GetFlagStatus)
    SPI_I2S_ReceiveData                      0x080038f3   Thumb Code     6  stm32f10x_spi.o(i.SPI_I2S_ReceiveData)
    SPI_I2S_SendData                         0x080038f9   Thumb Code     4  stm32f10x_spi.o(i.SPI_I2S_SendData)
    SPI_Init                                 0x080038fd   Thumb Code    60  stm32f10x_spi.o(i.SPI_Init)
    STM32_rouse                              0x08003939   Thumb Code    74  main.o(i.STM32_rouse)
    SVC_Handler                              0x08003983   Thumb Code     2  stm32f10x_it.o(i.SVC_Handler)
    Serial2_Init                             0x08003985   Thumb Code   162  serial2.o(i.Serial2_Init)
    Serial2_Power_OFF                        0x08003a31   Thumb Code    38  serial2.o(i.Serial2_Power_OFF)
    Serial2_SendByte                         0x08003a61   Thumb Code    28  serial2.o(i.Serial2_SendByte)
    Serial3_Init                             0x08003a81   Thumb Code   168  serial3.o(i.Serial3_Init)
    Serial3_Power_OFF                        0x08003b31   Thumb Code    40  serial3.o(i.Serial3_Power_OFF)
    SysTick_CLKSourceConfig                  0x08003c49   Thumb Code    40  misc.o(i.SysTick_CLKSourceConfig)
    SysTick_Handler                          0x08003c71   Thumb Code     2  stm32f10x_it.o(i.SysTick_Handler)
    SystemInit                               0x08003c75   Thumb Code    78  system_stm32f10x.o(i.SystemInit)
    System_Cursor                            0x08003cd5   Thumb Code    24  menu_data.o(i.System_Cursor)
    System_Cursor1                           0x08003cf1   Thumb Code     8  menu_data.o(i.System_Cursor1)
    System_Cursor2                           0x08003cfd   Thumb Code     8  menu_data.o(i.System_Cursor2)
    System_Cursor3                           0x08003d09   Thumb Code     8  menu_data.o(i.System_Cursor3)
    System_information                       0x08003d15   Thumb Code    24  menu_data.o(i.System_information)
    System_settings                          0x08003d31   Thumb Code    24  menu_data.o(i.System_settings)
    System_voltage                           0x08003d4d   Thumb Code   426  menu_data.o(i.System_voltage)
    TAIWAN                                   0x08003f11   Thumb Code    86  menu_data.o(i.TAIWAN)
    TAIWANLIANGP                             0x08003f81   Thumb Code   102  menu_data.o(i.TAIWANLIANGP)
    TIM2_IRQHandler                          0x08003ff1   Thumb Code    24  timer.o(i.TIM2_IRQHandler)
    TIM_ClearITPendingBit                    0x08004009   Thumb Code     6  stm32f10x_tim.o(i.TIM_ClearITPendingBit)
    TIM_GetITStatus                          0x0800400f   Thumb Code    34  stm32f10x_tim.o(i.TIM_GetITStatus)
    USART1_IRQHandler                        0x08004031   Thumb Code   288  serial1.o(i.USART1_IRQHandler)
    USART2_IRQHandler                        0x08004169   Thumb Code   448  serial2.o(i.USART2_IRQHandler)
    USART3_IRQHandler                        0x0800434d   Thumb Code   104  serial3.o(i.USART3_IRQHandler)
    USART_ClearITPendingBit                  0x080043c9   Thumb Code    30  stm32f10x_usart.o(i.USART_ClearITPendingBit)
    USART_Cmd                                0x080043e7   Thumb Code    24  stm32f10x_usart.o(i.USART_Cmd)
    USART_GetFlagStatus                      0x080043ff   Thumb Code    26  stm32f10x_usart.o(i.USART_GetFlagStatus)
    USART_GetITStatus                        0x08004419   Thumb Code    84  stm32f10x_usart.o(i.USART_GetITStatus)
    USART_ITConfig                           0x0800446d   Thumb Code    74  stm32f10x_usart.o(i.USART_ITConfig)
    USART_Init                               0x080044b9   Thumb Code   210  stm32f10x_usart.o(i.USART_Init)
    USART_ReceiveData                        0x08004591   Thumb Code    10  stm32f10x_usart.o(i.USART_ReceiveData)
    USART_SendData                           0x0800459b   Thumb Code     8  stm32f10x_usart.o(i.USART_SendData)
    Update_Display                           0x080045a5   Thumb Code    16  menu_data.o(i.Update_Display)
    UsageFault_Handler                       0x080045bd   Thumb Code     4  stm32f10x_it.o(i.UsageFault_Handler)
    VIDEO                                    0x080045c1   Thumb Code    24  menu_data.o(i.VIDEO)
    VIDEO_Bad_apple                          0x080045dd   Thumb Code    18  video_app.o(i.VIDEO_Bad_apple)
    VIDEO_CXUK                               0x080045ef   Thumb Code    22  video_app.o(i.VIDEO_CXUK)
    VIDEO_SITE                               0x08004605   Thumb Code    38  video_app.o(i.VIDEO_SITE)
    VIDEO_custom                             0x0800462b   Thumb Code    32  video_app.o(i.VIDEO_custom)
    VIDEO_erase                              0x0800464d   Thumb Code   132  video_app.o(i.VIDEO_erase)
    VIDEO_streaming                          0x080046e9   Thumb Code    66  video_app.o(i.VIDEO_streaming)
    VIDEO_write                              0x08004739   Thumb Code    24  menu_data.o(i.VIDEO_write)
    VIDEO_write_Bad_apple                    0x08004755   Thumb Code    12  video_app.o(i.VIDEO_write_Bad_apple)
    VIDEO_write_CXUK                         0x08004761   Thumb Code    18  video_app.o(i.VIDEO_write_CXUK)
    VIDEO_write_custom                       0x08004775   Thumb Code   184  video_app.o(i.VIDEO_write_custom)
    W25Q128Flash                             0x08004841   Thumb Code   250  menu_data.o(i.W25Q128Flash)
    W25Q128_Init                             0x08004941   Thumb Code   170  w25q128_spi1.o(i.W25Q128_Init)
    W25Q128_PageProgram                      0x080049f5   Thumb Code    76  w25q128_spi1.o(i.W25Q128_PageProgram)
    W25Q128_ReadData                         0x08004a41   Thumb Code    72  w25q128_spi1.o(i.W25Q128_ReadData)
    W25Q128_SectorErase                      0x08004a89   Thumb Code    50  w25q128_spi1.o(i.W25Q128_SectorErase)
    W25Q128_WaitBusy                         0x08004abd   Thumb Code    48  w25q128_spi1.o(i.W25Q128_WaitBusy)
    W25Q128_WriteEnable                      0x08004af1   Thumb Code    18  w25q128_spi1.o(i.W25Q128_WriteEnable)
    W25Q128_unlimited_Program                0x08004b03   Thumb Code    70  w25q128_spi1.o(i.W25Q128_unlimited_Program)
    WRITE_VIDEO                              0x08004b49   Thumb Code   218  video_app.o(i.WRITE_VIDEO)
    __ARM_fpclassify                         0x08004c69   Thumb Code    40  fpclassify.o(i.__ARM_fpclassify)
    __kernel_poly                            0x08004c91   Thumb Code   170  poly.o(i.__kernel_poly)
    __mathlib_dbl_infnan                     0x08004d3b   Thumb Code     6  dunder.o(i.__mathlib_dbl_infnan)
    __mathlib_dbl_infnan2                    0x08004d41   Thumb Code     4  dunder.o(i.__mathlib_dbl_infnan2)
    __mathlib_dbl_invalid                    0x08004d45   Thumb Code    12  dunder.o(i.__mathlib_dbl_invalid)
    __mathlib_dbl_underflow                  0x08004d51   Thumb Code    10  dunder.o(i.__mathlib_dbl_underflow)
    __scatterload_copy                       0x08004d61   Thumb Code    14  handlers.o(i.__scatterload_copy)
    __scatterload_null                       0x08004d6f   Thumb Code     2  handlers.o(i.__scatterload_null)
    __scatterload_zeroinit                   0x08004d71   Thumb Code    14  handlers.o(i.__scatterload_zeroinit)
    __set_errno                              0x08004d81   Thumb Code     6  errno.o(i.__set_errno)
    acos                                     0x08004e35   Thumb Code   574  acos.o(i.acos)
    asin                                     0x080050b1   Thumb Code   572  asin.o(i.asin)
    atan                                     0x08005321   Thumb Code   474  atan.o(i.atan)
    atan2                                    0x08005541   Thumb Code   346  atan2.o(i.atan2)
    biaopan                                  0x080056c1   Thumb Code    52  biaopan.o(i.biaopan)
    biaopan_APP                              0x080056f5   Thumb Code    92  biaopan.o(i.biaopan_APP)
    biaopan_Timer                            0x08005769   Thumb Code   296  biaopan.o(i.biaopan_Timer)
    biaopan_Timer_data                       0x0800589d   Thumb Code   322  biaopan.o(i.biaopan_Timer_data)
    biaopan_Timer_small                      0x080059ed   Thumb Code   124  biaopan.o(i.biaopan_Timer_small)
    biaopan_byd                              0x08005a75   Thumb Code   750  biaopan.o(i.biaopan_byd)
    biaopan_date                             0x08005dad   Thumb Code    70  biaopan.o(i.biaopan_date)
    biaopan_io_init                          0x08005df9   Thumb Code    68  biaopan.o(i.biaopan_io_init)
    biaopan_week                             0x08005e45   Thumb Code   168  biaopan.o(i.biaopan_week)
    bittt                                    0x08005f15   Thumb Code   416  biaopan.o(i.bittt)
    chongdianzhouqi                          0x08006105   Thumb Code   126  menu_data.o(i.chongdianzhouqi)
    cosjiaod                                 0x0800618d   Thumb Code   378  menu_data.o(i.cosjiaod)
    delay_init                               0x0800638d   Thumb Code    50  delay.o(i.delay_init)
    delay_ms                                 0x080063d1   Thumb Code    76  delay.o(i.delay_ms)
    delay_us                                 0x08006421   Thumb Code    76  delay.o(i.delay_us)
    dmp_enable_6x_lp_quat                    0x08006471   Thumb Code    60  inv_mpu_dmp_motion_driver.o(i.dmp_enable_6x_lp_quat)
    dmp_enable_feature                       0x080064ad   Thumb Code   530  inv_mpu_dmp_motion_driver.o(i.dmp_enable_feature)
    dmp_enable_gyro_cal                      0x080066c9   Thumb Code    62  inv_mpu_dmp_motion_driver.o(i.dmp_enable_gyro_cal)
    dmp_enable_lp_quat                       0x08006721   Thumb Code    60  inv_mpu_dmp_motion_driver.o(i.dmp_enable_lp_quat)
    dmp_load_motion_driver_firmware          0x0800675d   Thumb Code    20  inv_mpu_dmp_motion_driver.o(i.dmp_load_motion_driver_firmware)
    dmp_read_fifo                            0x08006775   Thumb Code   450  inv_mpu_dmp_motion_driver.o(i.dmp_read_fifo)
    dmp_set_accel_bias                       0x0800693d   Thumb Code   300  inv_mpu_dmp_motion_driver.o(i.dmp_set_accel_bias)
    dmp_set_fifo_rate                        0x08006a6d   Thumb Code    96  inv_mpu_dmp_motion_driver.o(i.dmp_set_fifo_rate)
    dmp_set_gyro_bias                        0x08006add   Thumb Code   294  inv_mpu_dmp_motion_driver.o(i.dmp_set_gyro_bias)
    dmp_set_orientation                      0x08006c0d   Thumb Code   290  inv_mpu_dmp_motion_driver.o(i.dmp_set_orientation)
    dmp_set_shake_reject_thresh              0x08006d45   Thumb Code    56  inv_mpu_dmp_motion_driver.o(i.dmp_set_shake_reject_thresh)
    dmp_set_shake_reject_time                0x08006d7d   Thumb Code    38  inv_mpu_dmp_motion_driver.o(i.dmp_set_shake_reject_time)
    dmp_set_shake_reject_timeout             0x08006da3   Thumb Code    38  inv_mpu_dmp_motion_driver.o(i.dmp_set_shake_reject_timeout)
    dmp_set_tap_axes                         0x08006dc9   Thumb Code    70  inv_mpu_dmp_motion_driver.o(i.dmp_set_tap_axes)
    dmp_set_tap_count                        0x08006e0f   Thumb Code    38  inv_mpu_dmp_motion_driver.o(i.dmp_set_tap_count)
    dmp_set_tap_thresh                       0x08006e35   Thumb Code   396  inv_mpu_dmp_motion_driver.o(i.dmp_set_tap_thresh)
    dmp_set_tap_time                         0x08006fd5   Thumb Code    38  inv_mpu_dmp_motion_driver.o(i.dmp_set_tap_time)
    dmp_set_tap_time_multi                   0x08006ffb   Thumb Code    38  inv_mpu_dmp_motion_driver.o(i.dmp_set_tap_time_multi)
    error                                    0x08007021   Thumb Code    94  menu_data.o(i.error)
    fenpinbi                                 0x080070a9   Thumb Code   126  menu_data.o(i.fenpinbi)
    inv_orientation_matrix_to_scalar         0x08007765   Thumb Code    40  inv_mpu.o(i.inv_orientation_matrix_to_scalar)
    inv_row_2_scale                          0x0800778d   Thumb Code    78  inv_mpu.o(i.inv_row_2_scale)
    main                                     0x080077dd   Thumb Code   382  main.o(i.main)
    main_menu1                               0x08007979   Thumb Code    24  menu.o(i.main_menu1)
    main_menu2                               0x08007995   Thumb Code    24  menu.o(i.main_menu2)
    menu_Back_event                          0x080079b1   Thumb Code    20  menu.o(i.menu_Back_event)
    menu_Enter_event                         0x080079c9   Thumb Code   128  menu.o(i.menu_Enter_event)
    menu_Roll_event                          0x08007a61   Thumb Code   194  menu.o(i.menu_Roll_event)
    mp3_volume                               0x08007b49   Thumb Code    16  menu_data.o(i.mp3_volume)
    mp3loudspeaker                           0x08007b5d   Thumb Code    34  menu_data.o(i.mp3loudspeaker)
    mp3up                                    0x08007b89   Thumb Code   134  menu_data.o(i.mp3up)
    mpu6050_read                             0x08007c31   Thumb Code    92  mpu6050.o(i.mpu6050_read)
    mpu6050_write                            0x08007c8d   Thumb Code    68  mpu6050.o(i.mpu6050_write)
    mpu6050_write_reg                        0x08007cd1   Thumb Code    18  mpu6050.o(i.mpu6050_write_reg)
    mpu_configure_fifo                       0x08007ce5   Thumb Code   106  inv_mpu.o(i.mpu_configure_fifo)
    mpu_get_accel_fsr                        0x08007d55   Thumb Code    72  inv_mpu.o(i.mpu_get_accel_fsr)
    mpu_get_accel_sens                       0x08007da1   Thumb Code    78  inv_mpu.o(i.mpu_get_accel_sens)
    mpu_get_fifo_config                      0x08007df5   Thumb Code    12  inv_mpu.o(i.mpu_get_fifo_config)
    mpu_get_gyro_fsr                         0x08007e05   Thumb Code    64  inv_mpu.o(i.mpu_get_gyro_fsr)
    mpu_get_gyro_reg                         0x08007e49   Thumb Code   102  inv_mpu.o(i.mpu_get_gyro_reg)
    mpu_get_gyro_sens                        0x08007eb5   Thumb Code    58  inv_mpu.o(i.mpu_get_gyro_sens)
    mpu_get_lpf                              0x08007f05   Thumb Code    74  inv_mpu.o(i.mpu_get_lpf)
    mpu_get_sample_rate                      0x08007f55   Thumb Code    26  inv_mpu.o(i.mpu_get_sample_rate)
    mpu_init                                 0x08007f75   Thumb Code   396  inv_mpu.o(i.mpu_init)
    mpu_load_firmware                        0x08008105   Thumb Code   180  inv_mpu.o(i.mpu_load_firmware)
    mpu_lp_accel_mode                        0x080081bd   Thumb Code   218  inv_mpu.o(i.mpu_lp_accel_mode)
    mpu_read_fifo_stream                     0x0800829d   Thumb Code   186  inv_mpu.o(i.mpu_read_fifo_stream)
    mpu_read_mem                             0x0800835d   Thumb Code   122  inv_mpu.o(i.mpu_read_mem)
    mpu_reset_fifo                           0x080083dd   Thumb Code   450  inv_mpu.o(i.mpu_reset_fifo)
    mpu_run_self_test                        0x080085a5   Thumb Code   278  inv_mpu.o(i.mpu_run_self_test)
    mpu_set_accel_fsr                        0x080086c1   Thumb Code   126  inv_mpu.o(i.mpu_set_accel_fsr)
    mpu_set_bypass                           0x08008745   Thumb Code   328  inv_mpu.o(i.mpu_set_bypass)
    mpu_set_dmp_state                        0x08008891   Thumb Code   138  inv_mpu.o(i.mpu_set_dmp_state)
    mpu_set_gyro_fsr                         0x08008921   Thumb Code   132  inv_mpu.o(i.mpu_set_gyro_fsr)
    mpu_set_int_latched                      0x080089a9   Thumb Code   102  inv_mpu.o(i.mpu_set_int_latched)
    mpu_set_lpf                              0x08008a15   Thumb Code   126  inv_mpu.o(i.mpu_set_lpf)
    mpu_set_sample_rate                      0x08008a99   Thumb Code   152  inv_mpu.o(i.mpu_set_sample_rate)
    mpu_set_sensors                          0x08008b35   Thumb Code   202  inv_mpu.o(i.mpu_set_sensors)
    mpu_write_mem                            0x08008c05   Thumb Code   122  inv_mpu.o(i.mpu_write_mem)
    particulars                              0x08008c85   Thumb Code    18  menu_data.o(i.particulars)
    power                                    0x08008c9d   Thumb Code    20  sys.o(i.power)
    round                                    0x08008cb1   Thumb Code   136  round.o(i.round)
    run_menu1                                0x08008d45   Thumb Code   850  menu.o(i.run_menu1)
    run_menu2                                0x080090b9   Thumb Code  3024  menu.o(i.run_menu2)
    run_self_test                            0x08009ca1   Thumb Code   148  inv_mpu.o(i.run_self_test)
    shoudt                                   0x08009dc5   Thumb Code   112  menu_data.o(i.shoudt)
    sqrt                                     0x08009e39   Thumb Code    76  sqrt.o(i.sqrt)
    volt                                     0x08009e85   Thumb Code    24  menu_data.o(i.volt)
    voltage_mt                               0x08009ea1   Thumb Code   744  voltage_mea.o(i.voltage_mt)
    hw                                       0x0800a1d0   Data          12  inv_mpu.o(.constdata)
    reg                                      0x0800a1dc   Data          27  inv_mpu.o(.constdata)
    test                                     0x0800a1f8   Data          40  inv_mpu.o(.constdata)
    OLED_F8x16                               0x0800ae16   Data        1520  oled_data.o(.constdata)
    OLED_F6x8                                0x0800b406   Data         570  oled_data.o(.constdata)
    OLED_CF12x12                             0x0800b640   Data          54  oled_data.o(.constdata)
    Diode                                    0x0800b676   Data          32  oled_data.o(.constdata)
    mp3right                                 0x0800b696   Data          32  oled_data.o(.constdata)
    mp3left                                  0x0800b6b6   Data          32  oled_data.o(.constdata)
    mp3stop                                  0x0800b6d6   Data          32  oled_data.o(.constdata)
    mp3play                                  0x0800b6f6   Data          32  oled_data.o(.constdata)
    mp3repetition                            0x0800b716   Data          32  oled_data.o(.constdata)
    ej                                       0x0800b736   Data           8  oled_data.o(.constdata)
    sj                                       0x0800b73e   Data           8  oled_data.o(.constdata)
    yysb                                     0x0800b746   Data           8  oled_data.o(.constdata)
    tly                                      0x0800b74e   Data           8  oled_data.o(.constdata)
    bug                                      0x0800b756   Data         128  oled_data.o(.constdata)
    t1                                       0x0800b7d6   Data          52  oled_data.o(.constdata)
    t2                                       0x0800b80a   Data          52  oled_data.o(.constdata)
    t3                                       0x0800b83e   Data          52  oled_data.o(.constdata)
    t4                                       0x0800b872   Data          52  oled_data.o(.constdata)
    t5                                       0x0800b8a6   Data          52  oled_data.o(.constdata)
    t6                                       0x0800b8da   Data          52  oled_data.o(.constdata)
    t7                                       0x0800b90e   Data          52  oled_data.o(.constdata)
    t8                                       0x0800b942   Data          52  oled_data.o(.constdata)
    t9                                       0x0800b976   Data          52  oled_data.o(.constdata)
    t0                                       0x0800b9aa   Data          52  oled_data.o(.constdata)
    i1                                       0x0800b9de   Data          27  oled_data.o(.constdata)
    i2                                       0x0800b9f9   Data          27  oled_data.o(.constdata)
    i3                                       0x0800ba14   Data          27  oled_data.o(.constdata)
    i4                                       0x0800ba2f   Data          27  oled_data.o(.constdata)
    i5                                       0x0800ba4a   Data          27  oled_data.o(.constdata)
    i6                                       0x0800ba65   Data          27  oled_data.o(.constdata)
    i7                                       0x0800ba80   Data          27  oled_data.o(.constdata)
    i8                                       0x0800ba9b   Data          27  oled_data.o(.constdata)
    i9                                       0x0800bab6   Data          27  oled_data.o(.constdata)
    i0                                       0x0800bad1   Data          27  oled_data.o(.constdata)
    APPADDV                                  0x0800baec   Data         128  oled_data.o(.constdata)
    APPsetting                               0x0800bb6c   Data         128  oled_data.o(.constdata)
    APPWXZF                                  0x0800bbec   Data         128  oled_data.o(.constdata)
    APPYYBF                                  0x0800bc6c   Data         128  oled_data.o(.constdata)
    APPZFBZF                                 0x0800bcec   Data         128  oled_data.o(.constdata)
    APPBIPAN                                 0x0800bd6c   Data         128  oled_data.o(.constdata)
    APPTLY                                   0x0800bdec   Data         128  oled_data.o(.constdata)
    APPGAME                                  0x0800be6c   Data         128  oled_data.o(.constdata)
    APPVIDEO                                 0x0800beec   Data         128  oled_data.o(.constdata)
    APPYYBFsmall                             0x0800bf6c   Data           8  oled_data.o(.constdata)
    APPTLYsmall                              0x0800bf74   Data           8  oled_data.o(.constdata)
    APP8266small                             0x0800bf7c   Data           8  oled_data.o(.constdata)
    battery_voltage                          0x0800c4f0   Data         124  biaopan.o(.constdata)
    battery_level                            0x0800c56c   Data          31  biaopan.o(.constdata)
    __mathlib_zero                           0x0800c6d8   Data           8  qnan.o(.constdata)
    Region$$Table$$Base                      0x0800c9bc   Number         0  anon$$obj.o(Region$$Table)
    Region$$Table$$Limit                     0x0800c9dc   Number         0  anon$$obj.o(Region$$Table)
    SystemCoreClock                          0x20000000   Data           4  system_stm32f10x.o(.data)
    AHBPrescTable                            0x20000004   Data          16  system_stm32f10x.o(.data)
    MyRTC_Time                               0x2000002c   Data          14  myrtc.o(.data)
    Seria1_RxFlag                            0x2000003a   Data           1  serial1.o(.data)
    Serial2_RxFlag                           0x2000003d   Data           1  serial2.o(.data)
    Serial3_RxFlag                           0x20000040   Data           1  serial3.o(.data)
    p0                                       0x20000041   Data           1  serial3.o(.data)
    p1                                       0x20000042   Data           1  serial3.o(.data)
    we                                       0x20000043   Data           1  serial3.o(.data)
    liangdu_UP                               0x20000079   Data           1  oled.o(.data)
    GUODUsn                                  0x2000007a   Data           1  oled.o(.data)
    GUODUspeed                               0x2000007b   Data           1  oled.o(.data)
    d1                                       0x2000007c   Data           1  menu.o(.data)
    d2                                       0x2000007d   Data           1  menu.o(.data)
    yiup                                     0x2000007e   Data           1  menu.o(.data)
    xiup                                     0x2000007f   Data           1  menu.o(.data)
    ytup                                     0x20000080   Data           1  menu.o(.data)
    xtup                                     0x20000081   Data           1  menu.o(.data)
    s1                                       0x20000082   Data           1  menu.o(.data)
    yu                                       0x20000083   Data           1  menu.o(.data)
    xu                                       0x20000084   Data           1  menu.o(.data)
    upp                                      0x20000085   Data           1  menu.o(.data)
    s2                                       0x20000086   Data           1  menu.o(.data)
    Speed_Factor                             0x20000087   Data           1  menu.o(.data)
    Roll_Speed                               0x20000088   Data           4  menu.o(.data)
    Cursor                                   0x2000008c   Data           1  menu.o(.data)
    mp3lou                                   0x200000a0   Data           1  menu_data.o(.data)
    chongdian                                0x200000a1   Data           1  menu_data.o(.data)
    fenpin                                   0x200000a2   Data           1  menu_data.o(.data)
    liangdu                                  0x200000a3   Data           1  menu_data.o(.data)
    fanse                                    0x200000a4   Data           1  menu_data.o(.data)
    taiwan                                   0x200000a5   Data           1  menu_data.o(.data)
    dgh                                      0x200000a6   Data           1  menu_data.o(.data)
    VIN                                      0x200000a8   Data           4  biaopan.o(.data)
    UP_voltage                               0x200000ac   Data           4  biaopan.o(.data)
    Up                                       0x200000b0   Data           1  main.o(.data)
    Down                                     0x200000b1   Data           1  main.o(.data)
    Back                                     0x200000b2   Data           1  main.o(.data)
    Enter                                    0x200000b3   Data           1  main.o(.data)
    connect                                  0x200000b4   Data           1  main.o(.data)
    Pitch                                    0x200000b8   Data           4  main.o(.data)
    Roll                                     0x200000bc   Data           4  main.o(.data)
    Yaw                                      0x200000c0   Data           4  main.o(.data)
    gyroX                                    0x200000c4   Data           2  main.o(.data)
    gyroY                                    0x200000c6   Data           2  main.o(.data)
    gyroZ                                    0x200000c8   Data           2  main.o(.data)
    accelX                                   0x200000ca   Data           2  main.o(.data)
    accelY                                   0x200000cc   Data           2  main.o(.data)
    accelZ                                   0x200000ce   Data           2  main.o(.data)
    TLYPW                                    0x200000d0   Data           1  main.o(.data)
    mp3repetition1                           0x200000d1   Data           1  mp3_tf.o(.data)
    mp3play1                                 0x200000d2   Data           1  mp3_tf.o(.data)
    mp3while                                 0x200000d3   Data           1  mp3_tf.o(.data)
    mp3PLSD                                  0x200000d4   Data           1  mp3_tf.o(.data)
    mp3volume                                0x200000d5   Data           1  mp3_tf.o(.data)
    mp3chapter                               0x200000d6   Data           1  mp3_tf.o(.data)
    mp3chapterMAX                            0x200000d7   Data           1  mp3_tf.o(.data)
    mp3data                                  0x200000d8   Data           1  mp3_tf.o(.data)
    Send_buf                                 0x200000d9   Data           8  mp3_tf.o(.data)
    RTI                                      0x200000e4   Data           4  voltage_mea.o(.data)
    Seria1_RxPacket                          0x200000ec   Data         100  serial1.o(.bss)
    Serial2_RxPacket                         0x20000150   Data         100  serial2.o(.bss)
    OLED_DisplayBuf                          0x200001c4   Data        1024  oled.o(.bss)
    Nodes_Cache                              0x200005c4   Data        1024  menu_data.o(.bss)
    __initial_sp                             0x20000df0   Data           0  startup_stm32f10x_md.o(STACK)



==============================================================================

Memory Map of the image

  Image Entry point : 0x080000ed

  Load Region LR_IROM1 (Base: 0x08000000, Size: 0x0000cac8, Max: 0x00010000, ABSOLUTE)

    Execution Region ER_IROM1 (Exec base: 0x08000000, Load base: 0x08000000, Size: 0x0000c9dc, Max: 0x00010000, ABSOLUTE)

    Exec Addr    Load Addr    Size         Type   Attr      Idx    E Section Name        Object

    0x08000000   0x08000000   0x000000ec   Data   RO            3    RESET               startup_stm32f10x_md.o
    0x080000ec   0x080000ec   0x00000000   Code   RO         5274  * .ARM.Collect$$$$00000000  mc_w.l(entry.o)
    0x080000ec   0x080000ec   0x00000004   Code   RO         5418    .ARM.Collect$$$$00000001  mc_w.l(entry2.o)
    0x080000f0   0x080000f0   0x00000004   Code   RO         5421    .ARM.Collect$$$$00000004  mc_w.l(entry5.o)
    0x080000f4   0x080000f4   0x00000000   Code   RO         5423    .ARM.Collect$$$$00000008  mc_w.l(entry7b.o)
    0x080000f4   0x080000f4   0x00000000   Code   RO         5425    .ARM.Collect$$$$0000000A  mc_w.l(entry8b.o)
    0x080000f4   0x080000f4   0x00000008   Code   RO         5426    .ARM.Collect$$$$0000000B  mc_w.l(entry9a.o)
    0x080000fc   0x080000fc   0x00000000   Code   RO         5428    .ARM.Collect$$$$0000000D  mc_w.l(entry10a.o)
    0x080000fc   0x080000fc   0x00000000   Code   RO         5430    .ARM.Collect$$$$0000000F  mc_w.l(entry11a.o)
    0x080000fc   0x080000fc   0x00000004   Code   RO         5419    .ARM.Collect$$$$00002712  mc_w.l(entry2.o)
    0x08000100   0x08000100   0x00000024   Code   RO            4    .text               startup_stm32f10x_md.o
    0x08000124   0x08000124   0x00000062   Code   RO         5277    .text               mc_w.l(ldiv.o)
    0x08000186   0x08000186   0x00000002   PAD
    0x08000188   0x08000188   0x000000a8   Code   RO         5286    .text               mc_w.l(mktime.o)
    0x08000230   0x08000230   0x00000024   Code   RO         5289    .text               mc_w.l(memcpya.o)
    0x08000254   0x08000254   0x00000024   Code   RO         5291    .text               mc_w.l(memseta.o)
    0x08000278   0x08000278   0x0000001c   Code   RO         5293    .text               mc_w.l(strcmp.o)
    0x08000294   0x08000294   0x0000001a   Code   RO         5295    .text               mc_w.l(memcmp.o)
    0x080002ae   0x080002ae   0x000000b0   Code   RO         5327    .text               mf_w.l(fadd.o)
    0x0800035e   0x0800035e   0x00000064   Code   RO         5329    .text               mf_w.l(fmul.o)
    0x080003c2   0x080003c2   0x0000007c   Code   RO         5331    .text               mf_w.l(fdiv.o)
    0x0800043e   0x0800043e   0x0000014e   Code   RO         5333    .text               mf_w.l(dadd.o)
    0x0800058c   0x0800058c   0x000000e4   Code   RO         5335    .text               mf_w.l(dmul.o)
    0x08000670   0x08000670   0x000000de   Code   RO         5337    .text               mf_w.l(ddiv.o)
    0x0800074e   0x0800074e   0x00000012   Code   RO         5339    .text               mf_w.l(fflti.o)
    0x08000760   0x08000760   0x0000000a   Code   RO         5341    .text               mf_w.l(ffltui.o)
    0x0800076a   0x0800076a   0x00000022   Code   RO         5343    .text               mf_w.l(dflti.o)
    0x0800078c   0x0800078c   0x0000001a   Code   RO         5345    .text               mf_w.l(dfltui.o)
    0x080007a6   0x080007a6   0x00000032   Code   RO         5347    .text               mf_w.l(ffixi.o)
    0x080007d8   0x080007d8   0x00000028   Code   RO         5349    .text               mf_w.l(ffixui.o)
    0x08000800   0x08000800   0x0000003e   Code   RO         5351    .text               mf_w.l(dfixi.o)
    0x0800083e   0x0800083e   0x00000032   Code   RO         5353    .text               mf_w.l(dfixui.o)
    0x08000870   0x08000870   0x00000026   Code   RO         5355    .text               mf_w.l(f2d.o)
    0x08000896   0x08000896   0x00000002   PAD
    0x08000898   0x08000898   0x00000030   Code   RO         5357    .text               mf_w.l(cdcmple.o)
    0x080008c8   0x080008c8   0x00000030   Code   RO         5359    .text               mf_w.l(cdrcmple.o)
    0x080008f8   0x080008f8   0x00000038   Code   RO         5361    .text               mf_w.l(d2f.o)
    0x08000930   0x08000930   0x00000014   Code   RO         5363    .text               mf_w.l(cfcmple.o)
    0x08000944   0x08000944   0x00000014   Code   RO         5365    .text               mf_w.l(cfrcmple.o)
    0x08000958   0x08000958   0x00000062   Code   RO         5437    .text               mc_w.l(uldiv.o)
    0x080009ba   0x080009ba   0x0000001e   Code   RO         5439    .text               mc_w.l(llshl.o)
    0x080009d8   0x080009d8   0x00000020   Code   RO         5441    .text               mc_w.l(llushr.o)
    0x080009f8   0x080009f8   0x00000024   Code   RO         5443    .text               mc_w.l(llsshr.o)
    0x08000a1c   0x08000a1c   0x0000000c   Code   RO         5445    .text               mc_w.l(localtime_w.o)
    0x08000a28   0x08000a28   0x0000008c   Code   RO         5448    .text               mc_w.l(localtime_i.o)
    0x08000ab4   0x08000ab4   0x00000000   Code   RO         5458    .text               mc_w.l(iusefp.o)
    0x08000ab4   0x08000ab4   0x0000006e   Code   RO         5459    .text               mf_w.l(fepilogue.o)
    0x08000b22   0x08000b22   0x000000ba   Code   RO         5461    .text               mf_w.l(depilogue.o)
    0x08000bdc   0x08000bdc   0x0000002e   Code   RO         5463    .text               mf_w.l(dscalb.o)
    0x08000c0a   0x08000c0a   0x00000002   PAD
    0x08000c0c   0x08000c0c   0x00000088   Code   RO         5465    .text               mf_w.l(drnd.o)
    0x08000c94   0x08000c94   0x00000024   Code   RO         5469    .text               mc_w.l(init.o)
    0x08000cb8   0x08000cb8   0x000000a2   Code   RO         5473    .text               mf_w.l(dsqrt.o)
    0x08000d5a   0x08000d5a   0x00000016   Code   RO          202    i.ADC_Cmd           stm32f10x_adc.o
    0x08000d70   0x08000d70   0x00000014   Code   RO          210    i.ADC_GetCalibrationStatus  stm32f10x_adc.o
    0x08000d84   0x08000d84   0x00000008   Code   RO          211    i.ADC_GetConversionValue  stm32f10x_adc.o
    0x08000d8c   0x08000d8c   0x00000012   Code   RO          213    i.ADC_GetFlagStatus  stm32f10x_adc.o
    0x08000d9e   0x08000d9e   0x00000014   Code   RO          216    i.ADC_GetResetCalibrationStatus  stm32f10x_adc.o
    0x08000db2   0x08000db2   0x00000002   PAD
    0x08000db4   0x08000db4   0x00000050   Code   RO          220    i.ADC_Init          stm32f10x_adc.o
    0x08000e04   0x08000e04   0x000000b8   Code   RO          224    i.ADC_RegularChannelConfig  stm32f10x_adc.o
    0x08000ebc   0x08000ebc   0x0000000a   Code   RO          225    i.ADC_ResetCalibration  stm32f10x_adc.o
    0x08000ec6   0x08000ec6   0x00000016   Code   RO          227    i.ADC_SoftwareStartConvCmd  stm32f10x_adc.o
    0x08000edc   0x08000edc   0x0000000a   Code   RO          229    i.ADC_StartCalibration  stm32f10x_adc.o
    0x08000ee6   0x08000ee6   0x00000002   PAD
    0x08000ee8   0x08000ee8   0x00000034   Code   RO         4442    i.AD_GetValue       ad.o
    0x08000f1c   0x08000f1c   0x000000b4   Code   RO         4443    i.AD_Init           ad.o
    0x08000fd0   0x08000fd0   0x0000001c   Code   RO          431    i.BKP_ReadBackupRegister  stm32f10x_bkp.o
    0x08000fec   0x08000fec   0x0000001c   Code   RO          435    i.BKP_WriteBackupRegister  stm32f10x_bkp.o
    0x08001008   0x08001008   0x00000004   Code   RO         5006    i.BusFault_Handler  stm32f10x_it.o
    0x0800100c   0x0800100c   0x00000072   Code   RO         4543    i.CountPointRound   menu_data.o
    0x0800107e   0x0800107e   0x00000002   PAD
    0x08001080   0x08001080   0x00000060   Code   RO         4544    i.DGHmode           menu_data.o
    0x080010e0   0x080010e0   0x00000002   Code   RO         5007    i.DebugMon_Handler  stm32f10x_it.o
    0x080010e2   0x080010e2   0x00000002   PAD
    0x080010e4   0x080010e4   0x00000374   Code   RO         4545    i.Detection_angle   menu_data.o
    0x08001458   0x08001458   0x00000012   Code   RO         4963    i.EXTI0_IRQHandler  main.o
    0x0800146a   0x0800146a   0x00000002   PAD
    0x0800146c   0x0800146c   0x0000000c   Code   RO          985    i.EXTI_ClearITPendingBit  stm32f10x_exti.o
    0x08001478   0x08001478   0x00000028   Code   RO          989    i.EXTI_GetITStatus  stm32f10x_exti.o
    0x080014a0   0x080014a0   0x00000094   Code   RO          990    i.EXTI_Init         stm32f10x_exti.o
    0x08001534   0x08001534   0x00000040   Code   RO         1344    i.GPIO_EXTILineConfig  stm32f10x_gpio.o
    0x08001574   0x08001574   0x00000116   Code   RO         1347    i.GPIO_Init         stm32f10x_gpio.o
    0x0800168a   0x0800168a   0x00000002   PAD
    0x0800168c   0x0800168c   0x00000090   Code   RO         1349    i.GPIO_PinRemapConfig  stm32f10x_gpio.o
    0x0800171c   0x0800171c   0x00000012   Code   RO         1351    i.GPIO_ReadInputDataBit  stm32f10x_gpio.o
    0x0800172e   0x0800172e   0x0000000a   Code   RO         1358    i.GPIO_WriteBit     stm32f10x_gpio.o
    0x08001738   0x08001738   0x00000140   Code   RO         4546    i.Game_Of_Life_Play  menu_data.o
    0x08001878   0x08001878   0x00000052   Code   RO         4548    i.Game_Of_Life_Turn  menu_data.o
    0x080018ca   0x080018ca   0x00000028   Code   RO         4460    i.Get_NameLen       menu.o
    0x080018f2   0x080018f2   0x00000004   Code   RO         5008    i.HardFault_Handler  stm32f10x_it.o
    0x080018f6   0x080018f6   0x00000002   PAD
    0x080018f8   0x080018f8   0x00000044   Code   RO         4430    i.Key_Init          key.o
    0x0800193c   0x0800193c   0x00000044   Code   RO         5069    i.MP3CMD            mp3_tf.o
    0x08001980   0x08001980   0x00000030   Code   RO         5070    i.MP3_Init          mp3_tf.o
    0x080019b0   0x080019b0   0x00000018   Code   RO         5071    i.MP3_Power_OFF     mp3_tf.o
    0x080019c8   0x080019c8   0x00000064   Code   RO         5072    i.MP3_chin          mp3_tf.o
    0x08001a2c   0x08001a2c   0x00000050   Code   RO         5073    i.MP3_starts        mp3_tf.o
    0x08001a7c   0x08001a7c   0x00000240   Code   RO         5074    i.MP3os             mp3_tf.o
    0x08001cbc   0x08001cbc   0x00000254   Code   RO         3511    i.MPU6050_DMP_Get_Data  inv_mpu.o
    0x08001f10   0x08001f10   0x00000050   Code   RO         3512    i.MPU6050_DMP_Init  inv_mpu.o
    0x08001f60   0x08001f60   0x0000002c   Code   RO         4069    i.MPU6050_IIC_IO_Init  mpu6050_i2c.o
    0x08001f8c   0x08001f8c   0x00000050   Code   RO         4070    i.MPU6050_IIC_Read_Ack  mpu6050_i2c.o
    0x08001fdc   0x08001fdc   0x00000060   Code   RO         4071    i.MPU6050_IIC_Read_Byte  mpu6050_i2c.o
    0x0800203c   0x0800203c   0x0000001c   Code   RO         4072    i.MPU6050_IIC_SDA_IO_IN  mpu6050_i2c.o
    0x08002058   0x08002058   0x00000018   Code   RO         4073    i.MPU6050_IIC_SDA_IO_OUT  mpu6050_i2c.o
    0x08002070   0x08002070   0x00000038   Code   RO         4074    i.MPU6050_IIC_Send_Ack  mpu6050_i2c.o
    0x080020a8   0x080020a8   0x00000064   Code   RO         4075    i.MPU6050_IIC_Send_Byte  mpu6050_i2c.o
    0x0800210c   0x0800210c   0x00000038   Code   RO         4076    i.MPU6050_IIC_Start  mpu6050_i2c.o
    0x08002144   0x08002144   0x0000003c   Code   RO         4077    i.MPU6050_IIC_Stop  mpu6050_i2c.o
    0x08002180   0x08002180   0x00000004   Code   RO         5009    i.MemManage_Handler  stm32f10x_it.o
    0x08002184   0x08002184   0x00000072   Code   RO         3318    i.MyRTC_Init        myrtc.o
    0x080021f6   0x080021f6   0x00000002   PAD
    0x080021f8   0x080021f8   0x00000064   Code   RO         3319    i.MyRTC_ReadTime    myrtc.o
    0x0800225c   0x0800225c   0x0000004c   Code   RO         3320    i.MyRTC_SetTime     myrtc.o
    0x080022a8   0x080022a8   0x0000000a   Code   RO         4882    i.MySPI_Start       w25q128_spi1.o
    0x080022b2   0x080022b2   0x0000000a   Code   RO         4883    i.MySPI_Stop        w25q128_spi1.o
    0x080022bc   0x080022bc   0x00000038   Code   RO         4884    i.MySPI_SwapByte    w25q128_spi1.o
    0x080022f4   0x080022f4   0x00000014   Code   RO         4885    i.MySPI_W_SS        w25q128_spi1.o
    0x08002308   0x08002308   0x000000b0   Code   RO         3254    i.My_GPIO_Init      sys.o
    0x080023b8   0x080023b8   0x00000002   Code   RO         5010    i.NMI_Handler       stm32f10x_it.o
    0x080023ba   0x080023ba   0x00000002   PAD
    0x080023bc   0x080023bc   0x00000070   Code   RO          137    i.NVIC_Init         misc.o
    0x0800242c   0x0800242c   0x00000014   Code   RO          138    i.NVIC_PriorityGroupConfig  misc.o
    0x08002440   0x08002440   0x00000028   Code   RO         4129    i.OLED_Clear        oled.o
    0x08002468   0x08002468   0x000000a8   Code   RO         4130    i.OLED_ClearArea    oled.o
    0x08002510   0x08002510   0x00000176   Code   RO         4134    i.OLED_DrawLine     oled.o
    0x08002686   0x08002686   0x00000002   PAD
    0x08002688   0x08002688   0x0000005c   Code   RO         4135    i.OLED_DrawPoint    oled.o
    0x080026e4   0x080026e4   0x00000092   Code   RO         4136    i.OLED_DrawRectangle  oled.o
    0x08002776   0x08002776   0x00000002   PAD
    0x08002778   0x08002778   0x000000b0   Code   RO         4138    i.OLED_GPIO_Init    oled.o
    0x08002828   0x08002828   0x00000044   Code   RO         4139    i.OLED_GetPoint     oled.o
    0x0800286c   0x0800286c   0x0000009a   Code   RO         4140    i.OLED_Init         oled.o
    0x08002906   0x08002906   0x00000014   Code   RO         4143    i.OLED_Pow          oled.o
    0x0800291a   0x0800291a   0x00000002   PAD
    0x0800291c   0x0800291c   0x000000a8   Code   RO         4146    i.OLED_ReverseArea  oled.o
    0x080029c4   0x080029c4   0x00000044   Code   RO         4461    i.OLED_ReverseArea2  menu.o
    0x08002a08   0x08002a08   0x00000032   Code   RO         4147    i.OLED_SPI_SendByte  oled.o
    0x08002a3a   0x08002a3a   0x00000026   Code   RO         4148    i.OLED_SetCursor    oled.o
    0x08002a60   0x08002a60   0x0000002e   Code   RO         4149    i.OLED_ShowASCII    oled.o
    0x08002a8e   0x08002a8e   0x00000002   PAD
    0x08002a90   0x08002a90   0x00000054   Code   RO         4151    i.OLED_ShowChar     oled.o
    0x08002ae4   0x08002ae4   0x000000e0   Code   RO         4153    i.OLED_ShowFloatNum  oled.o
    0x08002bc4   0x08002bc4   0x00000062   Code   RO         4154    i.OLED_ShowHexNum   oled.o
    0x08002c26   0x08002c26   0x00000002   PAD
    0x08002c28   0x08002c28   0x0000023c   Code   RO         4155    i.OLED_ShowImage    oled.o
    0x08002e64   0x08002e64   0x0000005a   Code   RO         4156    i.OLED_ShowNum      oled.o
    0x08002ebe   0x08002ebe   0x00000074   Code   RO         4157    i.OLED_ShowSignedNum  oled.o
    0x08002f32   0x08002f32   0x0000001a   Code   RO         4158    i.OLED_ShowString   oled.o
    0x08002f4c   0x08002f4c   0x000000c6   Code   RO         4159    i.OLED_String_W25Q  oled.o
    0x08003012   0x08003012   0x00000002   PAD
    0x08003014   0x08003014   0x00000028   Code   RO         4160    i.OLED_Update       oled.o
    0x0800303c   0x0800303c   0x0000007c   Code   RO         4161    i.OLED_UpdateArea   oled.o
    0x080030b8   0x080030b8   0x00000018   Code   RO         4162    i.OLED_W_CS         oled.o
    0x080030d0   0x080030d0   0x00000018   Code   RO         4163    i.OLED_W_D0         oled.o
    0x080030e8   0x080030e8   0x00000018   Code   RO         4164    i.OLED_W_D1         oled.o
    0x08003100   0x08003100   0x00000018   Code   RO         4165    i.OLED_W_DC         oled.o
    0x08003118   0x08003118   0x00000018   Code   RO         4166    i.OLED_W_RES        oled.o
    0x08003130   0x08003130   0x0000001e   Code   RO         4167    i.OLED_WriteCommand  oled.o
    0x0800314e   0x0800314e   0x0000002c   Code   RO         4168    i.OLED_WriteData    oled.o
    0x0800317a   0x0800317a   0x00000002   PAD
    0x0800317c   0x0800317c   0x000000c8   Code   RO         4170    i.OLED_transition   oled.o
    0x08003244   0x08003244   0x0000001c   Code   RO         4550    i.OLEDfanse         menu_data.o
    0x08003260   0x08003260   0x0000000c   Code   RO         1710    i.PWR_BackupAccessCmd  stm32f10x_pwr.o
    0x0800326c   0x0800326c   0x00000034   Code   RO         1713    i.PWR_EnterSTANDBYMode  stm32f10x_pwr.o
    0x080032a0   0x080032a0   0x00000040   Code   RO         1714    i.PWR_EnterSTOPMode  stm32f10x_pwr.o
    0x080032e0   0x080032e0   0x0000000c   Code   RO         1718    i.PWR_WakeUpPinCmd  stm32f10x_pwr.o
    0x080032ec   0x080032ec   0x00000002   Code   RO         5011    i.PendSV_Handler    stm32f10x_it.o
    0x080032ee   0x080032ee   0x00000002   PAD
    0x080032f0   0x080032f0   0x00000040   Code   RO         4551    i.Point_death       menu_data.o
    0x08003330   0x08003330   0x00000040   Code   RO         4552    i.Point_life        menu_data.o
    0x08003370   0x08003370   0x00000054   Code   RO         4553    i.Power_OFF         menu_data.o
    0x080033c4   0x080033c4   0x00000018   Code   RO         1773    i.RCC_ADCCLKConfig  stm32f10x_rcc.o
    0x080033dc   0x080033dc   0x00000020   Code   RO         1775    i.RCC_APB1PeriphClockCmd  stm32f10x_rcc.o
    0x080033fc   0x080033fc   0x00000020   Code   RO         1777    i.RCC_APB2PeriphClockCmd  stm32f10x_rcc.o
    0x0800341c   0x0800341c   0x000000d4   Code   RO         1785    i.RCC_GetClocksFreq  stm32f10x_rcc.o
    0x080034f0   0x080034f0   0x0000003c   Code   RO         1786    i.RCC_GetFlagStatus  stm32f10x_rcc.o
    0x0800352c   0x0800352c   0x00000034   Code   RO         1793    i.RCC_LSEConfig     stm32f10x_rcc.o
    0x08003560   0x08003560   0x0000000c   Code   RO         1800    i.RCC_RTCCLKCmd     stm32f10x_rcc.o
    0x0800356c   0x0800356c   0x00000010   Code   RO         1801    i.RCC_RTCCLKConfig  stm32f10x_rcc.o
    0x0800357c   0x0800357c   0x00000014   Code   RO         1978    i.RTC_EnterConfigMode  stm32f10x_rtc.o
    0x08003590   0x08003590   0x00000014   Code   RO         1979    i.RTC_ExitConfigMode  stm32f10x_rtc.o
    0x080035a4   0x080035a4   0x00000014   Code   RO         1980    i.RTC_GetCounter    stm32f10x_rtc.o
    0x080035b8   0x080035b8   0x0000001c   Code   RO         1986    i.RTC_SetCounter    stm32f10x_rtc.o
    0x080035d4   0x080035d4   0x00000020   Code   RO         1987    i.RTC_SetPrescaler  stm32f10x_rtc.o
    0x080035f4   0x080035f4   0x00000014   Code   RO         1988    i.RTC_WaitForLastTask  stm32f10x_rtc.o
    0x08003608   0x08003608   0x00000024   Code   RO         1989    i.RTC_WaitForSynchro  stm32f10x_rtc.o
    0x0800362c   0x0800362c   0x0000029c   Code   RO         5148    i.SHOW_VIDEO        video_app.o
    0x080038c8   0x080038c8   0x00000018   Code   RO         2263    i.SPI_Cmd           stm32f10x_spi.o
    0x080038e0   0x080038e0   0x00000012   Code   RO         2271    i.SPI_I2S_GetFlagStatus  stm32f10x_spi.o
    0x080038f2   0x080038f2   0x00000006   Code   RO         2274    i.SPI_I2S_ReceiveData  stm32f10x_spi.o
    0x080038f8   0x080038f8   0x00000004   Code   RO         2275    i.SPI_I2S_SendData  stm32f10x_spi.o
    0x080038fc   0x080038fc   0x0000003c   Code   RO         2276    i.SPI_Init          stm32f10x_spi.o
    0x08003938   0x08003938   0x0000004a   Code   RO         4964    i.STM32_rouse       main.o
    0x08003982   0x08003982   0x00000002   Code   RO         5012    i.SVC_Handler       stm32f10x_it.o
    0x08003984   0x08003984   0x000000ac   Code   RO         3402    i.Serial2_Init      serial2.o
    0x08003a30   0x08003a30   0x00000030   Code   RO         3404    i.Serial2_Power_OFF  serial2.o
    0x08003a60   0x08003a60   0x00000020   Code   RO         3406    i.Serial2_SendByte  serial2.o
    0x08003a80   0x08003a80   0x000000b0   Code   RO         3458    i.Serial3_Init      serial3.o
    0x08003b30   0x08003b30   0x00000030   Code   RO         3460    i.Serial3_Power_OFF  serial3.o
    0x08003b60   0x08003b60   0x00000008   Code   RO           24    i.SetSysClock       system_stm32f10x.o
    0x08003b68   0x08003b68   0x000000e0   Code   RO           25    i.SetSysClockTo72   system_stm32f10x.o
    0x08003c48   0x08003c48   0x00000028   Code   RO          141    i.SysTick_CLKSourceConfig  misc.o
    0x08003c70   0x08003c70   0x00000002   Code   RO         5013    i.SysTick_Handler   stm32f10x_it.o
    0x08003c72   0x08003c72   0x00000002   PAD
    0x08003c74   0x08003c74   0x00000060   Code   RO           27    i.SystemInit        system_stm32f10x.o
    0x08003cd4   0x08003cd4   0x0000001c   Code   RO         4554    i.System_Cursor     menu_data.o
    0x08003cf0   0x08003cf0   0x0000000c   Code   RO         4555    i.System_Cursor1    menu_data.o
    0x08003cfc   0x08003cfc   0x0000000c   Code   RO         4556    i.System_Cursor2    menu_data.o
    0x08003d08   0x08003d08   0x0000000c   Code   RO         4557    i.System_Cursor3    menu_data.o
    0x08003d14   0x08003d14   0x0000001c   Code   RO         4558    i.System_information  menu_data.o
    0x08003d30   0x08003d30   0x0000001c   Code   RO         4559    i.System_settings   menu_data.o
    0x08003d4c   0x08003d4c   0x000001c4   Code   RO         4560    i.System_voltage    menu_data.o
    0x08003f10   0x08003f10   0x00000070   Code   RO         4561    i.TAIWAN            menu_data.o
    0x08003f80   0x08003f80   0x00000070   Code   RO         4562    i.TAIWANLIANGP      menu_data.o
    0x08003ff0   0x08003ff0   0x00000018   Code   RO         3297    i.TIM2_IRQHandler   timer.o
    0x08004008   0x08004008   0x00000006   Code   RO         2416    i.TIM_ClearITPendingBit  stm32f10x_tim.o
    0x0800400e   0x0800400e   0x00000022   Code   RO         2442    i.TIM_GetITStatus   stm32f10x_tim.o
    0x08004030   0x08004030   0x00000138   Code   RO         3353    i.USART1_IRQHandler  serial1.o
    0x08004168   0x08004168   0x000001e4   Code   RO         3408    i.USART2_IRQHandler  serial2.o
    0x0800434c   0x0800434c   0x0000007c   Code   RO         3464    i.USART3_IRQHandler  serial3.o
    0x080043c8   0x080043c8   0x0000001e   Code   RO         2957    i.USART_ClearITPendingBit  stm32f10x_usart.o
    0x080043e6   0x080043e6   0x00000018   Code   RO         2960    i.USART_Cmd         stm32f10x_usart.o
    0x080043fe   0x080043fe   0x0000001a   Code   RO         2963    i.USART_GetFlagStatus  stm32f10x_usart.o
    0x08004418   0x08004418   0x00000054   Code   RO         2964    i.USART_GetITStatus  stm32f10x_usart.o
    0x0800446c   0x0800446c   0x0000004a   Code   RO         2966    i.USART_ITConfig    stm32f10x_usart.o
    0x080044b6   0x080044b6   0x00000002   PAD
    0x080044b8   0x080044b8   0x000000d8   Code   RO         2967    i.USART_Init        stm32f10x_usart.o
    0x08004590   0x08004590   0x0000000a   Code   RO         2974    i.USART_ReceiveData  stm32f10x_usart.o
    0x0800459a   0x0800459a   0x00000008   Code   RO         2977    i.USART_SendData    stm32f10x_usart.o
    0x080045a2   0x080045a2   0x00000002   PAD
    0x080045a4   0x080045a4   0x00000018   Code   RO         4563    i.Update_Display    menu_data.o
    0x080045bc   0x080045bc   0x00000004   Code   RO         5014    i.UsageFault_Handler  stm32f10x_it.o
    0x080045c0   0x080045c0   0x0000001c   Code   RO         4564    i.VIDEO             menu_data.o
    0x080045dc   0x080045dc   0x00000012   Code   RO         5149    i.VIDEO_Bad_apple   video_app.o
    0x080045ee   0x080045ee   0x00000016   Code   RO         5150    i.VIDEO_CXUK        video_app.o
    0x08004604   0x08004604   0x00000026   Code   RO         5151    i.VIDEO_SITE        video_app.o
    0x0800462a   0x0800462a   0x00000020   Code   RO         5152    i.VIDEO_custom      video_app.o
    0x0800464a   0x0800464a   0x00000002   PAD
    0x0800464c   0x0800464c   0x0000009c   Code   RO         5153    i.VIDEO_erase       video_app.o
    0x080046e8   0x080046e8   0x00000050   Code   RO         5154    i.VIDEO_streaming   video_app.o
    0x08004738   0x08004738   0x0000001c   Code   RO         4565    i.VIDEO_write       menu_data.o
    0x08004754   0x08004754   0x0000000c   Code   RO         5155    i.VIDEO_write_Bad_apple  video_app.o
    0x08004760   0x08004760   0x00000012   Code   RO         5156    i.VIDEO_write_CXUK  video_app.o
    0x08004772   0x08004772   0x00000002   PAD
    0x08004774   0x08004774   0x000000cc   Code   RO         5157    i.VIDEO_write_custom  video_app.o
    0x08004840   0x08004840   0x00000100   Code   RO         4566    i.W25Q128Flash      menu_data.o
    0x08004940   0x08004940   0x000000b4   Code   RO         4886    i.W25Q128_Init      w25q128_spi1.o
    0x080049f4   0x080049f4   0x0000004c   Code   RO         4887    i.W25Q128_PageProgram  w25q128_spi1.o
    0x08004a40   0x08004a40   0x00000048   Code   RO         4888    i.W25Q128_ReadData  w25q128_spi1.o
    0x08004a88   0x08004a88   0x00000032   Code   RO         4890    i.W25Q128_SectorErase  w25q128_spi1.o
    0x08004aba   0x08004aba   0x00000002   PAD
    0x08004abc   0x08004abc   0x00000034   Code   RO         4891    i.W25Q128_WaitBusy  w25q128_spi1.o
    0x08004af0   0x08004af0   0x00000012   Code   RO         4892    i.W25Q128_WriteEnable  w25q128_spi1.o
    0x08004b02   0x08004b02   0x00000046   Code   RO         4893    i.W25Q128_unlimited_Program  w25q128_spi1.o
    0x08004b48   0x08004b48   0x00000120   Code   RO         5158    i.WRITE_VIDEO       video_app.o
    0x08004c68   0x08004c68   0x00000028   Code   RO         5394    i.__ARM_fpclassify  m_ws.l(fpclassify.o)
    0x08004c90   0x08004c90   0x000000aa   Code   RO         5396    i.__kernel_poly     m_ws.l(poly.o)
    0x08004d3a   0x08004d3a   0x00000006   Code   RO         5381    i.__mathlib_dbl_infnan  m_ws.l(dunder.o)
    0x08004d40   0x08004d40   0x00000004   Code   RO         5382    i.__mathlib_dbl_infnan2  m_ws.l(dunder.o)
    0x08004d44   0x08004d44   0x0000000c   Code   RO         5383    i.__mathlib_dbl_invalid  m_ws.l(dunder.o)
    0x08004d50   0x08004d50   0x00000010   Code   RO         5386    i.__mathlib_dbl_underflow  m_ws.l(dunder.o)
    0x08004d60   0x08004d60   0x0000000e   Code   RO         5477    i.__scatterload_copy  mc_w.l(handlers.o)
    0x08004d6e   0x08004d6e   0x00000002   Code   RO         5478    i.__scatterload_null  mc_w.l(handlers.o)
    0x08004d70   0x08004d70   0x0000000e   Code   RO         5479    i.__scatterload_zeroinit  mc_w.l(handlers.o)
    0x08004d7e   0x08004d7e   0x00000002   PAD
    0x08004d80   0x08004d80   0x0000000c   Code   RO         5453    i.__set_errno       mc_w.l(errno.o)
    0x08004d8c   0x08004d8c   0x000000a8   Code   RO         3513    i.accel_self_test   inv_mpu.o
    0x08004e34   0x08004e34   0x0000027c   Code   RO         5229    i.acos              m_ws.l(acos.o)
    0x080050b0   0x080050b0   0x00000270   Code   RO         5239    i.asin              m_ws.l(asin.o)
    0x08005320   0x08005320   0x00000220   Code   RO         5368    i.atan              m_ws.l(atan.o)
    0x08005540   0x08005540   0x00000180   Code   RO         5249    i.atan2             m_ws.l(atan2.o)
    0x080056c0   0x080056c0   0x00000034   Code   RO         4811    i.biaopan           biaopan.o
    0x080056f4   0x080056f4   0x00000074   Code   RO         4812    i.biaopan_APP       biaopan.o
    0x08005768   0x08005768   0x00000134   Code   RO         4813    i.biaopan_Timer     biaopan.o
    0x0800589c   0x0800589c   0x00000150   Code   RO         4814    i.biaopan_Timer_data  biaopan.o
    0x080059ec   0x080059ec   0x00000088   Code   RO         4815    i.biaopan_Timer_small  biaopan.o
    0x08005a74   0x08005a74   0x00000338   Code   RO         4816    i.biaopan_byd       biaopan.o
    0x08005dac   0x08005dac   0x0000004c   Code   RO         4817    i.biaopan_date      biaopan.o
    0x08005df8   0x08005df8   0x0000004c   Code   RO         4818    i.biaopan_io_init   biaopan.o
    0x08005e44   0x08005e44   0x000000d0   Code   RO         4819    i.biaopan_week      biaopan.o
    0x08005f14   0x08005f14   0x000001f0   Code   RO         4820    i.bittt             biaopan.o
    0x08006104   0x08006104   0x00000088   Code   RO         4567    i.chongdianzhouqi   menu_data.o
    0x0800618c   0x0800618c   0x0000019c   Code   RO         4568    i.cosjiaod          menu_data.o
    0x08006328   0x08006328   0x00000064   Code   RO         3853    i.decode_gesture    inv_mpu_dmp_motion_driver.o
    0x0800638c   0x0800638c   0x00000044   Code   RO         3196    i.delay_init        delay.o
    0x080063d0   0x080063d0   0x00000050   Code   RO         3197    i.delay_ms          delay.o
    0x08006420   0x08006420   0x00000050   Code   RO         3198    i.delay_us          delay.o
    0x08006470   0x08006470   0x0000003c   Code   RO         3854    i.dmp_enable_6x_lp_quat  inv_mpu_dmp_motion_driver.o
    0x080064ac   0x080064ac   0x0000021c   Code   RO         3855    i.dmp_enable_feature  inv_mpu_dmp_motion_driver.o
    0x080066c8   0x080066c8   0x00000058   Code   RO         3856    i.dmp_enable_gyro_cal  inv_mpu_dmp_motion_driver.o
    0x08006720   0x08006720   0x0000003c   Code   RO         3857    i.dmp_enable_lp_quat  inv_mpu_dmp_motion_driver.o
    0x0800675c   0x0800675c   0x00000018   Code   RO         3862    i.dmp_load_motion_driver_firmware  inv_mpu_dmp_motion_driver.o
    0x08006774   0x08006774   0x000001c8   Code   RO         3863    i.dmp_read_fifo     inv_mpu_dmp_motion_driver.o
    0x0800693c   0x0800693c   0x00000130   Code   RO         3866    i.dmp_set_accel_bias  inv_mpu_dmp_motion_driver.o
    0x08006a6c   0x08006a6c   0x00000070   Code   RO         3867    i.dmp_set_fifo_rate  inv_mpu_dmp_motion_driver.o
    0x08006adc   0x08006adc   0x00000130   Code   RO         3868    i.dmp_set_gyro_bias  inv_mpu_dmp_motion_driver.o
    0x08006c0c   0x08006c0c   0x00000138   Code   RO         3870    i.dmp_set_orientation  inv_mpu_dmp_motion_driver.o
    0x08006d44   0x08006d44   0x00000038   Code   RO         3873    i.dmp_set_shake_reject_thresh  inv_mpu_dmp_motion_driver.o
    0x08006d7c   0x08006d7c   0x00000026   Code   RO         3874    i.dmp_set_shake_reject_time  inv_mpu_dmp_motion_driver.o
    0x08006da2   0x08006da2   0x00000026   Code   RO         3875    i.dmp_set_shake_reject_timeout  inv_mpu_dmp_motion_driver.o
    0x08006dc8   0x08006dc8   0x00000046   Code   RO         3876    i.dmp_set_tap_axes  inv_mpu_dmp_motion_driver.o
    0x08006e0e   0x08006e0e   0x00000026   Code   RO         3877    i.dmp_set_tap_count  inv_mpu_dmp_motion_driver.o
    0x08006e34   0x08006e34   0x000001a0   Code   RO         3878    i.dmp_set_tap_thresh  inv_mpu_dmp_motion_driver.o
    0x08006fd4   0x08006fd4   0x00000026   Code   RO         3879    i.dmp_set_tap_time  inv_mpu_dmp_motion_driver.o
    0x08006ffa   0x08006ffa   0x00000026   Code   RO         3880    i.dmp_set_tap_time_multi  inv_mpu_dmp_motion_driver.o
    0x08007020   0x08007020   0x00000088   Code   RO         4570    i.error             menu_data.o
    0x080070a8   0x080070a8   0x00000088   Code   RO         4571    i.fenpinbi          menu_data.o
    0x08007130   0x08007130   0x000000b4   Code   RO         3514    i.get_accel_prod_shift  inv_mpu.o
    0x080071e4   0x080071e4   0x00000470   Code   RO         3516    i.get_st_biases     inv_mpu.o
    0x08007654   0x08007654   0x00000110   Code   RO         3517    i.gyro_self_test    inv_mpu.o
    0x08007764   0x08007764   0x00000028   Code   RO         3518    i.inv_orientation_matrix_to_scalar  inv_mpu.o
    0x0800778c   0x0800778c   0x0000004e   Code   RO         3519    i.inv_row_2_scale   inv_mpu.o
    0x080077da   0x080077da   0x00000002   PAD
    0x080077dc   0x080077dc   0x0000019c   Code   RO         4965    i.main              main.o
    0x08007978   0x08007978   0x0000001c   Code   RO         4462    i.main_menu1        menu.o
    0x08007994   0x08007994   0x0000001c   Code   RO         4463    i.main_menu2        menu.o
    0x080079b0   0x080079b0   0x00000018   Code   RO         4464    i.menu_Back_event   menu.o
    0x080079c8   0x080079c8   0x00000098   Code   RO         4465    i.menu_Enter_event  menu.o
    0x08007a60   0x08007a60   0x000000e8   Code   RO         4466    i.menu_Roll_event   menu.o
    0x08007b48   0x08007b48   0x00000014   Code   RO         4572    i.mp3_volume        menu_data.o
    0x08007b5c   0x08007b5c   0x0000002c   Code   RO         4573    i.mp3loudspeaker    menu_data.o
    0x08007b88   0x08007b88   0x000000a8   Code   RO         4574    i.mp3up             menu_data.o
    0x08007c30   0x08007c30   0x0000005c   Code   RO         4034    i.mpu6050_read      mpu6050.o
    0x08007c8c   0x08007c8c   0x00000044   Code   RO         4036    i.mpu6050_write     mpu6050.o
    0x08007cd0   0x08007cd0   0x00000012   Code   RO         4037    i.mpu6050_write_reg  mpu6050.o
    0x08007ce2   0x08007ce2   0x00000002   PAD
    0x08007ce4   0x08007ce4   0x00000070   Code   RO         3520    i.mpu_configure_fifo  inv_mpu.o
    0x08007d54   0x08007d54   0x0000004c   Code   RO         3521    i.mpu_get_accel_fsr  inv_mpu.o
    0x08007da0   0x08007da0   0x00000054   Code   RO         3523    i.mpu_get_accel_sens  inv_mpu.o
    0x08007df4   0x08007df4   0x00000010   Code   RO         3528    i.mpu_get_fifo_config  inv_mpu.o
    0x08007e04   0x08007e04   0x00000044   Code   RO         3529    i.mpu_get_gyro_fsr  inv_mpu.o
    0x08007e48   0x08007e48   0x0000006c   Code   RO         3530    i.mpu_get_gyro_reg  inv_mpu.o
    0x08007eb4   0x08007eb4   0x00000050   Code   RO         3531    i.mpu_get_gyro_sens  inv_mpu.o
    0x08007f04   0x08007f04   0x00000050   Code   RO         3533    i.mpu_get_lpf       inv_mpu.o
    0x08007f54   0x08007f54   0x00000020   Code   RO         3535    i.mpu_get_sample_rate  inv_mpu.o
    0x08007f74   0x08007f74   0x00000190   Code   RO         3537    i.mpu_init          inv_mpu.o
    0x08008104   0x08008104   0x000000b8   Code   RO         3538    i.mpu_load_firmware  inv_mpu.o
    0x080081bc   0x080081bc   0x000000e0   Code   RO         3539    i.mpu_lp_accel_mode  inv_mpu.o
    0x0800829c   0x0800829c   0x000000c0   Code   RO         3542    i.mpu_read_fifo_stream  inv_mpu.o
    0x0800835c   0x0800835c   0x00000080   Code   RO         3543    i.mpu_read_mem      inv_mpu.o
    0x080083dc   0x080083dc   0x000001c8   Code   RO         3546    i.mpu_reset_fifo    inv_mpu.o
    0x080085a4   0x080085a4   0x0000011c   Code   RO         3547    i.mpu_run_self_test  inv_mpu.o
    0x080086c0   0x080086c0   0x00000084   Code   RO         3549    i.mpu_set_accel_fsr  inv_mpu.o
    0x08008744   0x08008744   0x0000014c   Code   RO         3550    i.mpu_set_bypass    inv_mpu.o
    0x08008890   0x08008890   0x00000090   Code   RO         3552    i.mpu_set_dmp_state  inv_mpu.o
    0x08008920   0x08008920   0x00000088   Code   RO         3553    i.mpu_set_gyro_fsr  inv_mpu.o
    0x080089a8   0x080089a8   0x0000006c   Code   RO         3554    i.mpu_set_int_latched  inv_mpu.o
    0x08008a14   0x08008a14   0x00000084   Code   RO         3556    i.mpu_set_lpf       inv_mpu.o
    0x08008a98   0x08008a98   0x0000009c   Code   RO         3557    i.mpu_set_sample_rate  inv_mpu.o
    0x08008b34   0x08008b34   0x000000d0   Code   RO         3558    i.mpu_set_sensors   inv_mpu.o
    0x08008c04   0x08008c04   0x00000080   Code   RO         3559    i.mpu_write_mem     inv_mpu.o
    0x08008c84   0x08008c84   0x00000018   Code   RO         4575    i.particulars       menu_data.o
    0x08008c9c   0x08008c9c   0x00000014   Code   RO         3257    i.power             sys.o
    0x08008cb0   0x08008cb0   0x00000094   Code   RO         5264    i.round             m_ws.l(round.o)
    0x08008d44   0x08008d44   0x00000374   Code   RO         4467    i.run_menu1         menu.o
    0x080090b8   0x080090b8   0x00000be8   Code   RO         4468    i.run_menu2         menu.o
    0x08009ca0   0x08009ca0   0x00000094   Code   RO         3560    i.run_self_test     inv_mpu.o
    0x08009d34   0x08009d34   0x00000090   Code   RO         3561    i.set_int_enable    inv_mpu.o
    0x08009dc4   0x08009dc4   0x00000074   Code   RO         4576    i.shoudt            menu_data.o
    0x08009e38   0x08009e38   0x0000004c   Code   RO         5411    i.sqrt              m_ws.l(sqrt.o)
    0x08009e84   0x08009e84   0x0000001c   Code   RO         4579    i.volt              menu_data.o
    0x08009ea0   0x08009ea0   0x00000330   Code   RO         5123    i.voltage_mt        voltage_mea.o
    0x0800a1d0   0x0800a1d0   0x00000050   Data   RO         3562    .constdata          inv_mpu.o
    0x0800a220   0x0800a220   0x00000bf6   Data   RO         3882    .constdata          inv_mpu_dmp_motion_driver.o
    0x0800ae16   0x0800ae16   0x0000116e   Data   RO         4418    .constdata          oled_data.o
    0x0800bf84   0x0800bf84   0x00000170   Data   RO         4469    .constdata          menu.o
    0x0800c0f4   0x0800c0f4   0x000003fc   Data   RO         4582    .constdata          menu_data.o
    0x0800c4f0   0x0800c4f0   0x0000009b   Data   RO         4821    .constdata          biaopan.o
    0x0800c58b   0x0800c58b   0x00000005   PAD
    0x0800c590   0x0800c590   0x00000050   Data   RO         5230    .constdata          m_ws.l(acos.o)
    0x0800c5e0   0x0800c5e0   0x00000050   Data   RO         5240    .constdata          m_ws.l(asin.o)
    0x0800c630   0x0800c630   0x0000000c   Data   RO         5287    .constdata          mc_w.l(mktime.o)
    0x0800c63c   0x0800c63c   0x00000004   PAD
    0x0800c640   0x0800c640   0x00000098   Data   RO         5369    .constdata          m_ws.l(atan.o)
    0x0800c6d8   0x0800c6d8   0x00000008   Data   RO         5398    .constdata          m_ws.l(qnan.o)
    0x0800c6e0   0x0800c6e0   0x0000000c   Data   RO         5449    .constdata          mc_w.l(localtime_i.o)
    0x0800c6ec   0x0800c6ec   0x000000cf   Data   RO         4470    .conststring        menu.o
    0x0800c7bb   0x0800c7bb   0x00000001   PAD
    0x0800c7bc   0x0800c7bc   0x000001ff   Data   RO         4583    .conststring        menu_data.o
    0x0800c9bb   0x0800c9bb   0x00000001   PAD
    0x0800c9bc   0x0800c9bc   0x00000020   Data   RO         5475    Region$$Table       anon$$obj.o


    Execution Region RW_IRAM1 (Exec base: 0x20000000, Load base: 0x0800c9dc, Size: 0x00000df0, Max: 0x00005000, ABSOLUTE)

    Exec Addr    Load Addr    Size         Type   Attr      Idx    E Section Name        Object

    0x20000000   0x0800c9dc   0x00000014   Data   RW           28    .data               system_stm32f10x.o
    0x20000014   0x0800c9f0   0x00000014   Data   RW         1805    .data               stm32f10x_rcc.o
    0x20000028   0x0800ca04   0x00000004   Data   RW         3199    .data               delay.o
    0x2000002c   0x0800ca08   0x0000000e   Data   RW         3321    .data               myrtc.o
    0x2000003a   0x0800ca16   0x00000003   Data   RW         3355    .data               serial1.o
    0x2000003d   0x0800ca19   0x00000003   Data   RW         3410    .data               serial2.o
    0x20000040   0x0800ca1c   0x00000004   Data   RW         3466    .data               serial3.o
    0x20000044   0x0800ca20   0x00000035   Data   RW         3563    .data               inv_mpu.o
    0x20000079   0x0800ca55   0x00000003   Data   RW         4172    .data               oled.o
    0x2000007c   0x0800ca58   0x00000024   Data   RW         4471    .data               menu.o
    0x200000a0   0x0800ca7c   0x00000007   Data   RW         4584    .data               menu_data.o
    0x200000a7   0x0800ca83   0x00000001   PAD
    0x200000a8   0x0800ca84   0x00000008   Data   RW         4822    .data               biaopan.o
    0x200000b0   0x0800ca8c   0x00000021   Data   RW         4966    .data               main.o
    0x200000d1   0x0800caad   0x00000010   Data   RW         5076    .data               mp3_tf.o
    0x200000e1   0x0800cabd   0x00000003   PAD
    0x200000e4   0x0800cac0   0x00000004   Data   RW         5125    .data               voltage_mea.o
    0x200000e8   0x0800cac4   0x00000004   Data   RW         5454    .data               mc_w.l(errno.o)
    0x200000ec        -       0x00000064   Zero   RW         3354    .bss                serial1.o
    0x20000150        -       0x00000064   Zero   RW         3409    .bss                serial2.o
    0x200001b4        -       0x00000010   Zero   RW         3881    .bss                inv_mpu_dmp_motion_driver.o
    0x200001c4        -       0x00000400   Zero   RW         4171    .bss                oled.o
    0x200005c4        -       0x00000400   Zero   RW         4581    .bss                menu_data.o
    0x200009c4        -       0x0000002c   Zero   RW         5446    .bss                mc_w.l(localtime_w.o)
    0x200009f0        -       0x00000400   Zero   RW            1    STACK               startup_stm32f10x_md.o


==============================================================================

Image component sizes


      Code (inc. data)   RO Data    RW Data    ZI Data      Debug   Object Name

       232         14          0          0          0       1120   ad.o
      2628        304        155          8          0       7128   biaopan.o
         0          0          0          0          0       4508   core_cm3.o
       228         26          0          4          0       3615   delay.o
      6842        220         80         53          0      30229   inv_mpu.o
      3092        124       3062          0         16      19806   inv_mpu_dmp_motion_driver.o
        68          8          0          0          0        467   key.o
       504         30          0         33          0       2413   main.o
      4504        230        575         36          0       8931   menu.o
      4088        446       1531          7       1024      18978   menu_data.o
       172         22          0          0          0     216385   misc.o
       896        110          0         16          0       4255   mp3_tf.o
       178          0          0          0          0       2263   mpu6050.o
       544         76          0          0          0       4768   mpu6050_i2c.o
       290         12          0         14          0       3023   myrtc.o
      3506        106          0          3       1024      21555   oled.o
         0          0       4462          0          0       2655   oled_data.o
       312         24          0          3        100       1396   serial1.o
       736         60          0          3        100       3144   serial2.o
       348         36          0          4          0       2456   serial3.o
        36          8        236          0       1024        804   startup_stm32f10x_md.o
       394         10          0          0          0      18265   stm32f10x_adc.o
        56         10          0          0          0       2079   stm32f10x_bkp.o
       200         18          0          0          0       4084   stm32f10x_exti.o
       514         10          0          0          0      12708   stm32f10x_gpio.o
        26          0          0          0          0       3722   stm32f10x_it.o
       140         32          0          0          0       2000   stm32f10x_pwr.o
       440         58          0         20          0      15528   stm32f10x_rcc.o
       176         34          0          0          0       3263   stm32f10x_rtc.o
       112          0          0          0          0      10470   stm32f10x_spi.o
        40          0          0          0          0      21938   stm32f10x_tim.o
       472          6          0          0          0      12459   stm32f10x_usart.o
       196          4          0          0          0       1639   sys.o
       328         28          0         20          0      32049   system_stm32f10x.o
        24          0          0          0          0        434   timer.o
      1536        252          0          0          0       6266   video_app.o
       816         72          0          4          0       1079   voltage_mea.o
       614         24          0          0          0       6440   w25q128_spi1.o

    ----------------------------------------------------------------------
     35338       2414      10140        232       3288     514322   Object Totals
         0          0         32          0          0          0   (incl. Generated)
        50          0          7          4          0          0   (incl. Padding)

    ----------------------------------------------------------------------

      Code (inc. data)   RO Data    RW Data    ZI Data      Debug   Library Member Name

       636         62         80          0          0        188   acos.o
       624         52         80          0          0        168   asin.o
       544         70        152          0          0        124   atan.o
       384         38          0          0          0        144   atan2.o
        38          6          0          0          0        272   dunder.o
        40          0          0          0          0         68   fpclassify.o
       170          0          0          0          0         96   poly.o
         0          0          8          0          0          0   qnan.o
       148         12          0          0          0         88   round.o
        76          0          0          0          0         84   sqrt.o
         0          0          0          0          0          0   entry.o
         0          0          0          0          0          0   entry10a.o
         0          0          0          0          0          0   entry11a.o
         8          4          0          0          0          0   entry2.o
         4          0          0          0          0          0   entry5.o
         0          0          0          0          0          0   entry7b.o
         0          0          0          0          0          0   entry8b.o
         8          4          0          0          0          0   entry9a.o
        12          6          0          4          0         68   errno.o
        30          0          0          0          0          0   handlers.o
        36          8          0          0          0         68   init.o
         0          0          0          0          0          0   iusefp.o
        98          0          0          0          0         84   ldiv.o
        30          0          0          0          0         68   llshl.o
        36          0          0          0          0         68   llsshr.o
        32          0          0          0          0         68   llushr.o
       140          6         12          0          0         76   localtime_i.o
        12          6          0          0         44         68   localtime_w.o
        26          0          0          0          0         80   memcmp.o
        36          0          0          0          0         68   memcpya.o
        36          0          0          0          0        108   memseta.o
       168         18         12          0          0         80   mktime.o
        28          0          0          0          0         76   strcmp.o
        98          0          0          0          0         92   uldiv.o
        48          0          0          0          0         68   cdcmple.o
        48          0          0          0          0         68   cdrcmple.o
        20          0          0          0          0         68   cfcmple.o
        20          0          0          0          0         68   cfrcmple.o
        56          0          0          0          0         88   d2f.o
       334          0          0          0          0        148   dadd.o
       222          0          0          0          0        100   ddiv.o
       186          0          0          0          0        176   depilogue.o
        62          0          0          0          0         80   dfixi.o
        50          0          0          0          0         76   dfixui.o
        34          0          0          0          0         76   dflti.o
        26          0          0          0          0         76   dfltui.o
       228          0          0          0          0         96   dmul.o
       136          4          0          0          0         92   drnd.o
        46          0          0          0          0         80   dscalb.o
       162          0          0          0          0        100   dsqrt.o
        38          0          0          0          0         68   f2d.o
       176          0          0          0          0        140   fadd.o
       124          0          0          0          0         88   fdiv.o
       110          0          0          0          0        168   fepilogue.o
        50          0          0          0          0         68   ffixi.o
        40          0          0          0          0         68   ffixui.o
        18          0          0          0          0         68   fflti.o
        10          0          0          0          0         68   ffltui.o
       100          0          0          0          0         76   fmul.o

    ----------------------------------------------------------------------
      5850        296        348          4         44       4576   Library Totals
         8          0          4          0          0          0   (incl. Padding)

    ----------------------------------------------------------------------

      Code (inc. data)   RO Data    RW Data    ZI Data      Debug   Library Name

      2660        240        320          0          0       1232   m_ws.l
       838         52         24          4         44       1072   mc_w.l
      2344          4          0          0          0       2272   mf_w.l

    ----------------------------------------------------------------------
      5850        296        348          4         44       4576   Library Totals

    ----------------------------------------------------------------------

==============================================================================


      Code (inc. data)   RO Data    RW Data    ZI Data      Debug   

     41188       2710      10488        236       3332     502826   Grand Totals
     41188       2710      10488        236       3332     502826   ELF Image Totals
     41188       2710      10488        236          0          0   ROM Totals

==============================================================================

    Total RO  Size (Code + RO Data)                51676 (  50.46kB)
    Total RW  Size (RW Data + ZI Data)              3568 (   3.48kB)
    Total ROM Size (Code + RO Data + RW Data)      51912 (  50.70kB)

==============================================================================

